Component: ARM Compiler 5.06 update 6 (build 750) Tool: armlink [4d35ed]

==============================================================================

Section Cross References

    main.o(.text) refers to _scanf_int.o(.text) for _scanf_int
    main.o(.text) refers to _scanf_str.o(.text) for _scanf_string
    main.o(.text) refers to scanf1.o(x$fpl$scanf1) for _scanf_real
    main.o(.text) refers to _printf_percent.o(.ARM.Collect$$_printf_percent$$00000000) for _printf_percent
    main.o(.text) refers to _printf_d.o(.ARM.Collect$$_printf_percent$$00000009) for _printf_d
    main.o(.text) refers to _printf_f.o(.ARM.Collect$$_printf_percent$$00000003) for _printf_f
    main.o(.text) refers to _printf_s.o(.ARM.Collect$$_printf_percent$$00000014) for _printf_s
    main.o(.text) refers to _printf_dec.o(.text) for _printf_int_dec
    main.o(.text) refers to printf1.o(x$fpl$printf1) for _printf_fp_dec
    main.o(.text) refers to _printf_str.o(.text) for _printf_str
    main.o(.text) refers to lcd.o(.text) for LCD_Address_Set
    main.o(.text) refers to strstr.o(.text) for strstr
    main.o(.text) refers to __0sscanf.o(.text) for __0sscanf
    main.o(.text) refers to f2d.o(x$fpl$f2d) for __aeabi_f2d
    main.o(.text) refers to noretval__2printf.o(.text) for __2printf
    main.o(.text) refers to main.o(.data) for frequency_a
    main.o(.text) refers to usart.o(.bss) for USART_RX_BUF
    main.o(.text) refers to main.o(.bss) for receive_catch2
    main.o(.text) refers to delay.o(.text) for delay_init
    main.o(.text) refers to misc.o(.text) for NVIC_PriorityGroupConfig
    main.o(.text) refers to usart.o(.text) for uart_init
    main.o(.text) refers to key4_4.o(.text) for KEY_Init44
    main.o(.text) refers to usart.o(.data) for USART_RX_STA
    main.o(.text) refers to lcd.o(.data) for BACK_COLOR
    main.o(.text) refers to stm32f10x_gpio.o(.text) for GPIO_SetBits
    main.o(.text) refers to dma_waveoutput.o(.text) for SineWave_Init
    main.o(.text) refers to stm32f10x_tim.o(.text) for TIM_Cmd
    main.o(.text) refers to fdiv.o(x$fpl$fdiv) for __aeabi_fdiv
    main.o(.text) refers to main.o(.conststring) for .conststring
    system_stm32f10x.o(.text) refers to system_stm32f10x.o(.data) for SystemCoreClock
    led.o(.text) refers to stm32f10x_rcc.o(.text) for RCC_APB2PeriphClockCmd
    led.o(.text) refers to stm32f10x_gpio.o(.text) for GPIO_Init
    key.o(.text) refers to stm32f10x_rcc.o(.text) for RCC_APB2PeriphClockCmd
    key.o(.text) refers to stm32f10x_gpio.o(.text) for GPIO_Init
    key.o(.text) refers to delay.o(.text) for delay_ms
    key.o(.text) refers to key.o(.data) for key_up
    adc.o(.text) refers to stm32f10x_rcc.o(.text) for RCC_APB2PeriphClockCmd
    adc.o(.text) refers to stm32f10x_gpio.o(.text) for GPIO_Init
    adc.o(.text) refers to stm32f10x_adc.o(.text) for ADC_DeInit
    adc.o(.text) refers to delay.o(.text) for delay_ms
    dac.o(.text) refers to ffixu.o(x$fpl$ffixu) for __aeabi_f2uiz
    dac.o(.text) refers to dflt_clz.o(x$fpl$dfltu) for __aeabi_ui2d
    dac.o(.text) refers to dmul.o(x$fpl$dmul) for __aeabi_dmul
    dac.o(.text) refers to d2f.o(x$fpl$d2f) for __aeabi_d2f
    dac.o(.text) refers to daddsub_clz.o(x$fpl$drsb) for __aeabi_drsub
    dac.o(.text) refers to dleqf.o(x$fpl$dleqf) for __aeabi_cdcmple
    dac.o(.text) refers to dflt_clz.o(x$fpl$dflt) for __aeabi_i2d
    dac.o(.text) refers to ddiv.o(x$fpl$ddiv) for __aeabi_ddiv
    dac.o(.text) refers to sin.o(i.sin) for sin
    dac.o(.text) refers to daddsub_clz.o(x$fpl$dadd) for __aeabi_dadd
    dac.o(.text) refers to stm32f10x_rcc.o(.text) for RCC_APB1PeriphClockCmd
    dac.o(.text) refers to stm32f10x_tim.o(.text) for TIM_TimeBaseInit
    dac.o(.text) refers to stm32f10x_dac.o(.text) for DAC_DeInit
    dac.o(.text) refers to stm32f10x_gpio.o(.text) for GPIO_Init
    dac.o(.text) refers to stm32f10x_dma.o(.text) for DMA_DeInit
    dac.o(.text) refers to fflt_clz.o(x$fpl$ffltu) for __aeabi_ui2f
    dac.o(.text) refers to fdiv.o(x$fpl$fdiv) for __aeabi_fdiv
    dac.o(.text) refers to fmul.o(x$fpl$fmul) for __aeabi_fmul
    dac.o(.text) refers to f2d.o(x$fpl$f2d) for __aeabi_f2d
    dac.o(.text) refers to dac.o(.bss) for data
    dma_waveoutput.o(.text) refers to f2d.o(x$fpl$f2d) for __aeabi_f2d
    dma_waveoutput.o(.text) refers to daddsub_clz.o(x$fpl$dsub) for __aeabi_dsub
    dma_waveoutput.o(.text) refers to d2f.o(x$fpl$d2f) for __aeabi_d2f
    dma_waveoutput.o(.text) refers to dflt_clz.o(x$fpl$dflt) for __aeabi_i2d
    dma_waveoutput.o(.text) refers to dflt_clz.o(x$fpl$dfltu) for __aeabi_ui2d
    dma_waveoutput.o(.text) refers to dmul.o(x$fpl$dmul) for __aeabi_dmul
    dma_waveoutput.o(.text) refers to ddiv.o(x$fpl$ddiv) for __aeabi_ddiv
    dma_waveoutput.o(.text) refers to sin.o(i.sin) for sin
    dma_waveoutput.o(.text) refers to daddsub_clz.o(x$fpl$dadd) for __aeabi_dadd
    dma_waveoutput.o(.text) refers to dfixu.o(x$fpl$dfixu) for __aeabi_d2uiz
[...]
    __rt_lib_init_argv_1                     0x08000233   Thumb Code     0  libinit2.o(.ARM.Collect$$libinit$$0000002C)
    __rt_lib_init_atexit_1                   0x08000233   Thumb Code     0  libinit2.o(.ARM.Collect$$libinit$$0000001B)
    __rt_lib_init_clock_1                    0x08000233   Thumb Code     0  libinit2.o(.ARM.Collect$$libinit$$00000021)
    __rt_lib_init_cpp_1                      0x08000233   Thumb Code     0  libinit2.o(.ARM.Collect$$libinit$$00000032)
    __rt_lib_init_exceptions_1               0x08000233   Thumb Code     0  libinit2.o(.ARM.Collect$$libinit$$00000030)
    __rt_lib_init_fp_trap_1                  0x08000233   Thumb Code     0  libinit2.o(.ARM.Collect$$libinit$$0000001F)
    __rt_lib_init_getenv_1                   0x08000233   Thumb Code     0  libinit2.o(.ARM.Collect$$libinit$$00000023)
    __rt_lib_init_lc_numeric_1               0x08000233   Thumb Code     0  libinit2.o(.ARM.Collect$$libinit$$00000017)
    __rt_lib_init_lc_time_1                  0x08000233   Thumb Code     0  libinit2.o(.ARM.Collect$$libinit$$00000019)
    __rt_lib_init_return                     0x08000233   Thumb Code     0  libinit2.o(.ARM.Collect$$libinit$$00000033)
    __rt_lib_init_signal_1                   0x08000233   Thumb Code     0  libinit2.o(.ARM.Collect$$libinit$$0000001D)
    __rt_lib_init_stdio_1                    0x08000233   Thumb Code     0  libinit2.o(.ARM.Collect$$libinit$$00000025)
    __rt_lib_shutdown                        0x08000235   Thumb Code     0  libshutdown.o(.ARM.Collect$$libshutdown$$00000000)
    __rt_lib_shutdown_cpp_1                  0x08000237   Thumb Code     0  libshutdown2.o(.ARM.Collect$$libshutdown$$00000002)
    __rt_lib_shutdown_fp_trap_1              0x08000237   Thumb Code     0  libshutdown2.o(.ARM.Collect$$libshutdown$$00000007)
    __rt_lib_shutdown_heap_1                 0x08000237   Thumb Code     0  libshutdown2.o(.ARM.Collect$$libshutdown$$0000000F)
    __rt_lib_shutdown_return                 0x08000237   Thumb Code     0  libshutdown2.o(.ARM.Collect$$libshutdown$$00000010)
    __rt_lib_shutdown_signal_1               0x08000237   Thumb Code     0  libshutdown2.o(.ARM.Collect$$libshutdown$$0000000A)
    __rt_lib_shutdown_stdio_1                0x08000237   Thumb Code     0  libshutdown2.o(.ARM.Collect$$libshutdown$$00000004)
    __rt_lib_shutdown_user_alloc_1           0x08000237   Thumb Code     0  libshutdown2.o(.ARM.Collect$$libshutdown$$0000000C)
    __rt_entry                               0x08000239   Thumb Code     0  __rtentry.o(.ARM.Collect$$rtentry$$00000000)
    __rt_entry_presh_1                       0x08000239   Thumb Code     0  __rtentry2.o(.ARM.Collect$$rtentry$$00000002)
    __rt_entry_sh                            0x08000239   Thumb Code     0  __rtentry4.o(.ARM.Collect$$rtentry$$00000004)
    __rt_entry_li                            0x0800023f   Thumb Code     0  __rtentry2.o(.ARM.Collect$$rtentry$$0000000A)
    __rt_entry_postsh_1                      0x0800023f   Thumb Code     0  __rtentry2.o(.ARM.Collect$$rtentry$$00000009)
    __rt_entry_main                          0x08000243   Thumb Code     0  __rtentry2.o(.ARM.Collect$$rtentry$$0000000D)
    __rt_entry_postli_1                      0x08000243   Thumb Code     0  __rtentry2.o(.ARM.Collect$$rtentry$$0000000C)
    __rt_exit                                0x0800024b   Thumb Code     0  rtexit.o(.ARM.Collect$$rtexit$$00000000)
    __rt_exit_ls                             0x0800024d   Thumb Code     0  rtexit2.o(.ARM.Collect$$rtexit$$00000003)
    __rt_exit_prels_1                        0x0800024d   Thumb Code     0  rtexit2.o(.ARM.Collect$$rtexit$$00000002)
    __rt_exit_exit                           0x08000251   Thumb Code     0  rtexit2.o(.ARM.Collect$$rtexit$$00000004)
    LCD_Clear_line                           0x08000259   Thumb Code    36  main.o(.text)
    LCD_Init_Show                            0x0800027d   Thumb Code   472  main.o(.text)
    usart_set_form                           0x08000455   Thumb Code  1680  main.o(.text)
    main                                     0x08000ae5   Thumb Code   910  main.o(.text)
    NMI_Handler                              0x08000f2d   Thumb Code     2  stm32f10x_it.o(.text)
    HardFault_Handler                        0x08000f2f   Thumb Code     4  stm32f10x_it.o(.text)
    MemManage_Handler                        0x08000f33   Thumb Code     4  stm32f10x_it.o(.text)
    BusFault_Handler                         0x08000f37   Thumb Code     4  stm32f10x_it.o(.text)
    UsageFault_Handler                       0x08000f3b   Thumb Code     4  stm32f10x_it.o(.text)
    SVC_Handler                              0x08000f3f   Thumb Code     2  stm32f10x_it.o(.text)
    DebugMon_Handler                         0x08000f41   Thumb Code     2  stm32f10x_it.o(.text)
    PendSV_Handler                           0x08000f43   Thumb Code     2  stm32f10x_it.o(.text)
    SysTick_Handler                          0x08000f45   Thumb Code     2  stm32f10x_it.o(.text)
    SystemInit                               0x08001027   Thumb Code    78  system_stm32f10x.o(.text)
    SystemCoreClockUpdate                    0x08001075   Thumb Code   142  system_stm32f10x.o(.text)
    data_lin_init                            0x08001129   Thumb Code    38  dac.o(.text)
    data_tri_init                            0x0800114f   Thumb Code   158  dac.o(.text)
    data_squ_init                            0x080011ed   Thumb Code    56  dac.o(.text)
    data_saw_init                            0x08001225   Thumb Code    82  dac.o(.text)
    data_sin_init                            0x08001277   Thumb Code   118  dac.o(.text)
    tim_init                                 0x080012ed   Thumb Code   112  dac.o(.text)
    Dac1_Init                                0x0800135d   Thumb Code   140  dac.o(.text)
    dma_init                                 0x080013e9   Thumb Code   156  dac.o(.text)
    Dac1_Set_Vol                             0x08001485   Thumb Code    80  dac.o(.text)
    SineWave_Data                            0x08001531   Thumb Code   210  dma_waveoutput.o(.text)
    SineWave_Data1                           0x08001603   Thumb Code   184  dma_waveoutput.o(.text)
    SawTooth_Data                            0x080016bb   Thumb Code    74  dma_waveoutput.o(.text)
    SineWave_GPIO_Config                     0x08001705   Thumb Code   132  dma_waveoutput.o(.text)
    SineWave_DAC_Config                      0x08001789   Thumb Code   126  dma_waveoutput.o(.text)
    SineWave_TIM_Config                      0x08001807   Thumb Code   120  dma_waveoutput.o(.text)
    SineWave_DMA_Config                      0x0800187f   Thumb Code   144  dma_waveoutput.o(.text)
    SineWave_Init                            0x0800190f   Thumb Code   204  dma_waveoutput.o(.text)
    Set_WaveFre                              0x080019db   Thumb Code    42  dma_waveoutput.o(.text)
    KEY_Init44                               0x08001a19   Thumb Code   232  key4_4.o(.text)
    KEY_Scan44                               0x08001b01   Thumb Code  1168  key4_4.o(.text)
    LCD_Writ_Bus                             0x08001fad   Thumb Code    82  lcd.o(.text)
    LCD_WR_DATA8                             0x08001fff   Thumb Code    22  lcd.o(.text)
    LCD_WR_DATA                              0x08002015   Thumb Code    30  lcd.o(.text)
    LCD_WR_REG                               0x08002033   Thumb Code    22  lcd.o(.text)
    LCD_Address_Set                          0x08002049   Thumb Code    58  lcd.o(.text)
    Lcd_Init                                 0x08002083   Thumb Code   572  lcd.o(.text)
    LCD_Clear                                0x080022bf   Thumb Code    44  lcd.o(.text)
    LCD_ShowChinese                          0x080022eb   Thumb Code   118  lcd.o(.text)
    LCD_ShowChinese1                         0x08002361   Thumb Code   144  lcd.o(.text)
    LCD_DrawPoint                            0x080023f1   Thumb Code    28  lcd.o(.text)
    LCD_Fill                                 0x0800240d   Thumb Code    62  lcd.o(.text)
    LCD_DrawPoint_big                        0x0800244b   Thumb Code    24  lcd.o(.text)
    LCD_DrawLine                             0x08002463   Thumb Code   166  lcd.o(.text)
    LCD_DrawRectangle                        0x08002509   Thumb Code    74  lcd.o(.text)
    Draw_Circle                              0x08002553   Thumb Code   126  lcd.o(.text)
    LCD_ShowChar                             0x080025d1   Thumb Code   200  lcd.o(.text)
    LCD_ShowString                           0x08002699   Thumb Code    64  lcd.o(.text)
    mypow                                    0x080026d9   Thumb Code    22  lcd.o(.text)
    LCD_ShowNum                              0x080026ef   Thumb Code   128  lcd.o(.text)
    LCD_ShowNum1                             0x0800276f   Thumb Code   154  lcd.o(.text)
    LCD_ShowPicture                          0x08002809   Thumb Code    64  lcd.o(.text)
    delay_init                               0x0800284d   Thumb Code    50  delay.o(.text)
    delay_us                                 0x0800287f   Thumb Code    72  delay.o(.text)
    delay_ms                                 0x080028c7   Thumb Code    72  delay.o(.text)
    _sys_exit                                0x08002921   Thumb Code     6  usart.o(.text)
    fputc                                    0x08002927   Thumb Code    24  usart.o(.text)
    uart_init                                0x0800293f   Thumb Code   152  usart.o(.text)
    USART1_IRQHandler                        0x080029d7   Thumb Code   122  usart.o(.text)
    Reset_Handler                            0x08002a61   Thumb Code     8  startup_stm32f10x_hd.o(.text)
    ADC1_2_IRQHandler                        0x08002a7b   Thumb Code     0  startup_stm32f10x_hd.o(.text)
    ADC3_IRQHandler                          0x08002a7b   Thumb Code     0  startup_stm32f10x_hd.o(.text)
    CAN1_RX1_IRQHandler                      0x08002a7b   Thumb Code     0  startup_stm32f10x_hd.o(.text)
    CAN1_SCE_IRQHandler                      0x08002a7b   Thumb Code     0  startup_stm32f10x_hd.o(.text)
    DMA1_Channel1_IRQHandler                 0x08002a7b   Thumb Code     0  startup_stm32f10x_hd.o(.text)
    DMA1_Channel2_IRQHandler                 0x08002a7b   Thumb Code     0  startup_stm32f10x_hd.o(.text)
    DMA1_Channel3_IRQHandler                 0x08002a7b   Thumb Code     0  startup_stm32f10x_hd.o(.text)
    DMA1_Channel4_IRQHandler                 0x08002a7b   Thumb Code     0  startup_stm32f10x_hd.o(.text)
    DMA1_Channel5_IRQHandler                 0x08002a7b   Thumb Code     0  startup_stm32f10x_hd.o(.text)
    DMA1_Channel6_IRQHandler                 0x08002a7b   Thumb Code     0  startup_stm32f10x_hd.o(.text)
    DMA1_Channel7_IRQHandler                 0x08002a7b   Thumb Code     0  startup_stm32f10x_hd.o(.text)
    DMA2_Channel1_IRQHandler                 0x08002a7b   Thumb Code     0  startup_stm32f10x_hd.o(.text)
    DMA2_Channel2_IRQHandler                 0x08002a7b   Thumb Code     0  startup_stm32f10x_hd.o(.text)
    DMA2_Channel3_IRQHandler                 0x08002a7b   Thumb Code     0  startup_stm32f10x_hd.o(.text)
    DMA2_Channel4_5_IRQHandler               0x08002a7b   Thumb Code     0  startup_stm32f10x_hd.o(.text)
    EXTI0_IRQHandler                         0x08002a7b   Thumb Code     0  startup_stm32f10x_hd.o(.text)
    EXTI15_10_IRQHandler                     0x08002a7b   Thumb Code     0  startup_stm32f10x_hd.o(.text)
    EXTI1_IRQHandler                         0x08002a7b   Thumb Code     0  startup_stm32f10x_hd.o(.text)
    EXTI2_IRQHandler                         0x08002a7b   Thumb Code     0  startup_stm32f10x_hd.o(.text)
    EXTI3_IRQHandler                         0x08002a7b   Thumb Code     0  startup_stm32f10x_hd.o(.text)
    EXTI4_IRQHandler                         0x08002a7b   Thumb Code     0  startup_stm32f10x_hd.o(.text)
    EXTI9_5_IRQHandler                       0x08002a7b   Thumb Code     0  startup_stm32f10x_hd.o(.text)
    FLASH_IRQHandler                         0x08002a7b   Thumb Code     0  startup_stm32f10x_hd.o(.text)
    FSMC_IRQHandler                          0x08002a7b   Thumb Code     0  startup_stm32f10x_hd.o(.text)
    I2C1_ER_IRQHandler                       0x08002a7b   Thumb Code     0  startup_stm32f10x_hd.o(.text)
    I2C1_EV_IRQHandler                       0x08002a7b   Thumb Code     0  startup_stm32f10x_hd.o(.text)
    I2C2_ER_IRQHandler                       0x08002a7b   Thumb Code     0  startup_stm32f10x_hd.o(.text)
    I2C2_EV_IRQHandler                       0x08002a7b   Thumb Code     0  startup_stm32f10x_hd.o(.text)
    PVD_IRQHandler                           0x08002a7b   Thumb Code     0  startup_stm32f10x_hd.o(.text)
    RCC_IRQHandler                           0x08002a7b   Thumb Code     0  startup_stm32f10x_hd.o(.text)
    RTCAlarm_IRQHandler                      0x08002a7b   Thumb Code     0  startup_stm32f10x_hd.o(.text)
    RTC_IRQHandler                           0x08002a7b   Thumb Code     0  startup_stm32f10x_hd.o(.text)
    SDIO_IRQHandler                          0x08002a7b   Thumb Code     0  startup_stm32f10x_hd.o(.text)
    SPI1_IRQHandler                          0x08002a7b   Thumb Code     0  startup_stm32f10x_hd.o(.text)
    SPI2_IRQHandler                          0x08002a7b   Thumb Code     0  startup_stm32f10x_hd.o(.text)
    SPI3_IRQHandler                          0x08002a7b   Thumb Code     0  startup_stm32f10x_hd.o(.text)
    TAMPER_IRQHandler                        0x08002a7b   Thumb Code     0  startup_stm32f10x_hd.o(.text)
    TIM1_BRK_IRQHandler                      0x08002a7b   Thumb Code     0  startup_stm32f10x_hd.o(.text)
    TIM1_CC_IRQHandler                       0x08002a7b   Thumb Code     0  startup_stm32f10x_hd.o(.text)
    TIM1_TRG_COM_IRQHandler                  0x08002a7b   Thumb Code     0  startup_stm32f10x_hd.o(.text)
    TIM1_UP_IRQHandler                       0x08002a7b   Thumb Code     0  startup_stm32f10x_hd.o(.text)
    TIM2_IRQHandler                          0x08002a7b   Thumb Code     0  startup_stm32f10x_hd.o(.text)
    TIM3_IRQHandler                          0x08002a7b   Thumb Code     0  startup_stm32f10x_hd.o(.text)
    TIM5_IRQHandler                          0x08002a7b   Thumb Code     0  startup_stm32f10x_hd.o(.text)
    TIM6_IRQHandler                          0x08002a7b   Thumb Code     0  startup_stm32f10x_hd.o(.text)
    TIM7_IRQHandler                          0x08002a7b   Thumb Code     0  startup_stm32f10x_hd.o(.text)
    TIM8_BRK_IRQHandler                      0x08002a7b   Thumb Code     0  startup_stm32f10x_hd.o(.text)
    TIM8_CC_IRQHandler                       0x08002a7b   Thumb Code     0  startup_stm32f10x_hd.o(.text)
    TIM8_TRG_COM_IRQHandler                  0x08002a7b   Thumb Code     0  startup_stm32f10x_hd.o(.text)
    TIM8_UP_IRQHandler                       0x08002a7b   Thumb Code     0  startup_stm32f10x_hd.o(.text)
    UART4_IRQHandler                         0x08002a7b   Thumb Code     0  startup_stm32f10x_hd.o(.text)
    UART5_IRQHandler                         0x08002a7b   Thumb Code     0  startup_stm32f10x_hd.o(.text)
    USART2_IRQHandler                        0x08002a7b   Thumb Code     0  startup_stm32f10x_hd.o(.text)
    USART3_IRQHandler                        0x08002a7b   Thumb Code     0  startup_stm32f10x_hd.o(.text)
    USBWakeUp_IRQHandler                     0x08002a7b   Thumb Code     0  startup_stm32f10x_hd.o(.text)
    USB_HP_CAN1_TX_IRQHandler                0x08002a7b   Thumb Code     0  startup_stm32f10x_hd.o(.text)
    USB_LP_CAN1_RX0_IRQHandler               0x08002a7b   Thumb Code     0  startup_stm32f10x_hd.o(.text)
    WWDG_IRQHandler                          0x08002a7b   Thumb Code     0  startup_stm32f10x_hd.o(.text)
    __user_initial_stackheap                 0x08002a7d   Thumb Code     0  startup_stm32f10x_hd.o(.text)
    NVIC_PriorityGroupConfig                 0x08002aa1   Thumb Code    10  misc.o(.text)
    NVIC_Init                                0x08002aab   Thumb Code   100  misc.o(.text)
    NVIC_SetVectorTable                      0x08002b0f   Thumb Code    14  misc.o(.text)
    NVIC_SystemLPConfig                      0x08002b1d   Thumb Code    34  misc.o(.text)
    SysTick_CLKSourceConfig                  0x08002b3f   Thumb Code    40  misc.o(.text)
    GPIO_DeInit                              0x08002b7d   Thumb Code   172  stm32f10x_gpio.o(.text)
    GPIO_AFIODeInit                          0x08002c29   Thumb Code    20  stm32f10x_gpio.o(.text)
    GPIO_Init                                0x08002c3d   Thumb Code   278  stm32f10x_gpio.o(.text)
    GPIO_StructInit                          0x08002d53   Thumb Code    16  stm32f10x_gpio.o(.text)
    GPIO_ReadInputDataBit                    0x08002d63   Thumb Code    18  stm32f10x_gpio.o(.text)
    GPIO_ReadInputData                       0x08002d75   Thumb Code     8  stm32f10x_gpio.o(.text)
    GPIO_ReadOutputDataBit                   0x08002d7d   Thumb Code    18  stm32f10x_gpio.o(.text)
    GPIO_ReadOutputData                      0x08002d8f   Thumb Code     8  stm32f10x_gpio.o(.text)
    GPIO_SetBits                             0x08002d97   Thumb Code     4  stm32f10x_gpio.o(.text)
    GPIO_ResetBits                           0x08002d9b   Thumb Code     4  stm32f10x_gpio.o(.text)
    GPIO_WriteBit                            0x08002d9f   Thumb Code    10  stm32f10x_gpio.o(.text)
    GPIO_Write                               0x08002da9   Thumb Code     4  stm32f10x_gpio.o(.text)
    GPIO_PinLockConfig                       0x08002dad   Thumb Code    18  stm32f10x_gpio.o(.text)
    GPIO_EventOutputConfig                   0x08002dbf   Thumb Code    26  stm32f10x_gpio.o(.text)
    GPIO_EventOutputCmd                      0x08002dd9   Thumb Code     6  stm32f10x_gpio.o(.text)
    GPIO_PinRemapConfig                      0x08002ddf   Thumb Code   138  stm32f10x_gpio.o(.text)
    GPIO_EXTILineConfig                      0x08002e69   Thumb Code    66  stm32f10x_gpio.o(.text)
    GPIO_ETH_MediaInterfaceConfig            0x08002eab   Thumb Code     8  stm32f10x_gpio.o(.text)
    USART_DeInit                             0x08002ed9   Thumb Code   134  stm32f10x_usart.o(.text)
    USART_Init                               0x08002f5f   Thumb Code   210  stm32f10x_usart.o(.text)
    USART_StructInit                         0x08003031   Thumb Code    24  stm32f10x_usart.o(.text)
    USART_ClockInit                          0x08003049   Thumb Code    34  stm32f10x_usart.o(.text)
    USART_ClockStructInit                    0x0800306b   Thumb Code    12  stm32f10x_usart.o(.text)
    USART_Cmd                                0x08003077   Thumb Code    24  stm32f10x_usart.o(.text)
    USART_ITConfig                           0x0800308f   Thumb Code    74  stm32f10x_usart.o(.text)
    USART_DMACmd                             0x080030d9   Thumb Code    18  stm32f10x_usart.o(.text)
    USART_SetAddress                         0x080030eb   Thumb Code    18  stm32f10x_usart.o(.text)
    USART_WakeUpConfig                       0x080030fd   Thumb Code    18  stm32f10x_usart.o(.text)
    USART_ReceiverWakeUpCmd                  0x0800310f   Thumb Code    24  stm32f10x_usart.o(.text)
    USART_LINBreakDetectLengthConfig         0x08003127   Thumb Code    18  stm32f10x_usart.o(.text)
    USART_LINCmd                             0x08003139   Thumb Code    24  stm32f10x_usart.o(.text)
    USART_SendData                           0x08003151   Thumb Code     8  stm32f10x_usart.o(.text)
    USART_ReceiveData                        0x08003159   Thumb Code    10  stm32f10x_usart.o(.text)
    USART_SendBreak                          0x08003163   Thumb Code    10  stm32f10x_usart.o(.text)
    USART_SetGuardTime                       0x0800316d   Thumb Code    16  stm32f10x_usart.o(.text)
    USART_SetPrescaler                       0x0800317d   Thumb Code    16  stm32f10x_usart.o(.text)
    USART_SmartCardCmd                       0x0800318d   Thumb Code    24  stm32f10x_usart.o(.text)
    USART_SmartCardNACKCmd                   0x080031a5   Thumb Code    24  stm32f10x_usart.o(.text)
    USART_HalfDuplexCmd                      0x080031bd   Thumb Code    24  stm32f10x_usart.o(.text)
    USART_OverSampling8Cmd                   0x080031d5   Thumb Code    22  stm32f10x_usart.o(.text)
    USART_OneBitMethodCmd                    0x080031eb   Thumb Code    24  stm32f10x_usart.o(.text)
    USART_IrDAConfig                         0x08003203   Thumb Code    18  stm32f10x_usart.o(.text)
    USART_IrDACmd                            0x08003215   Thumb Code    24  stm32f10x_usart.o(.text)
    USART_GetFlagStatus                      0x0800322d   Thumb Code    26  stm32f10x_usart.o(.text)
    USART_ClearFlag                          0x08003247   Thumb Code    18  stm32f10x_usart.o(.text)
    USART_GetITStatus                        0x08003259   Thumb Code    84  stm32f10x_usart.o(.text)
    USART_ClearITPendingBit                  0x080032ad   Thumb Code    52  stm32f10x_usart.o(.text)
    DAC_DeInit                               0x080032e1   Thumb Code    22  stm32f10x_dac.o(.text)
    DAC_Init                                 0x080032f7   Thumb Code    46  stm32f10x_dac.o(.text)
    DAC_StructInit                           0x08003325   Thumb Code    12  stm32f10x_dac.o(.text)
    DAC_Cmd                                  0x08003331   Thumb Code    34  stm32f10x_dac.o(.text)
    DAC_DMACmd                               0x08003353   Thumb Code    38  stm32f10x_dac.o(.text)
    DAC_SoftwareTriggerCmd                   0x08003379   Thumb Code    48  stm32f10x_dac.o(.text)
    DAC_DualSoftwareTriggerCmd               0x080033a9   Thumb Code    38  stm32f10x_dac.o(.text)
    DAC_WaveGenerationCmd                    0x080033cf   Thumb Code    36  stm32f10x_dac.o(.text)
    DAC_SetChannel1Data                      0x080033f3   Thumb Code    26  stm32f10x_dac.o(.text)
    DAC_SetChannel2Data                      0x0800340d   Thumb Code    26  stm32f10x_dac.o(.text)
    DAC_SetDualChannelData                   0x08003427   Thumb Code    32  stm32f10x_dac.o(.text)
    DAC_GetDataOutputValue                   0x08003447   Thumb Code    32  stm32f10x_dac.o(.text)
    RCC_DeInit                               0x0800346d   Thumb Code    64  stm32f10x_rcc.o(.text)
    RCC_HSEConfig                            0x080034ad   Thumb Code    70  stm32f10x_rcc.o(.text)
    RCC_GetFlagStatus                        0x080034f3   Thumb Code    56  stm32f10x_rcc.o(.text)
    RCC_WaitForHSEStartUp                    0x0800352b   Thumb Code    56  stm32f10x_rcc.o(.text)
    RCC_AdjustHSICalibrationValue            0x08003563   Thumb Code    20  stm32f10x_rcc.o(.text)
    RCC_HSICmd                               0x08003577   Thumb Code     6  stm32f10x_rcc.o(.text)
    RCC_PLLConfig                            0x0800357d   Thumb Code    24  stm32f10x_rcc.o(.text)
    RCC_PLLCmd                               0x08003595   Thumb Code     6  stm32f10x_rcc.o(.text)
    RCC_SYSCLKConfig                         0x0800359b   Thumb Code    18  stm32f10x_rcc.o(.text)
    RCC_GetSYSCLKSource                      0x080035ad   Thumb Code    10  stm32f10x_rcc.o(.text)
    RCC_HCLKConfig                           0x080035b7   Thumb Code    18  stm32f10x_rcc.o(.text)
    RCC_PCLK1Config                          0x080035c9   Thumb Code    18  stm32f10x_rcc.o(.text)
    RCC_PCLK2Config                          0x080035db   Thumb Code    20  stm32f10x_rcc.o(.text)
    RCC_ITConfig                             0x080035ef   Thumb Code    26  stm32f10x_rcc.o(.text)
    RCC_USBCLKConfig                         0x08003609   Thumb Code     8  stm32f10x_rcc.o(.text)
    RCC_ADCCLKConfig                         0x08003611   Thumb Code    18  stm32f10x_rcc.o(.text)
    RCC_LSEConfig                            0x08003623   Thumb Code    50  stm32f10x_rcc.o(.text)
    RCC_LSICmd                               0x08003655   Thumb Code     6  stm32f10x_rcc.o(.text)
    RCC_RTCCLKConfig                         0x0800365b   Thumb Code    12  stm32f10x_rcc.o(.text)
    RCC_RTCCLKCmd                            0x08003667   Thumb Code     8  stm32f10x_rcc.o(.text)
    RCC_GetClocksFreq                        0x0800366f   Thumb Code   192  stm32f10x_rcc.o(.text)
    RCC_AHBPeriphClockCmd                    0x0800372f   Thumb Code    26  stm32f10x_rcc.o(.text)
    RCC_APB2PeriphClockCmd                   0x08003749   Thumb Code    26  stm32f10x_rcc.o(.text)
    RCC_APB1PeriphClockCmd                   0x08003763   Thumb Code    26  stm32f10x_rcc.o(.text)
    RCC_APB2PeriphResetCmd                   0x0800377d   Thumb Code    26  stm32f10x_rcc.o(.text)
    RCC_APB1PeriphResetCmd                   0x08003797   Thumb Code    26  stm32f10x_rcc.o(.text)
    RCC_BackupResetCmd                       0x080037b1   Thumb Code     8  stm32f10x_rcc.o(.text)
    RCC_ClockSecuritySystemCmd               0x080037b9   Thumb Code     6  stm32f10x_rcc.o(.text)
    RCC_MCOConfig                            0x080037bf   Thumb Code     6  stm32f10x_rcc.o(.text)
    RCC_ClearFlag                            0x080037c5   Thumb Code    14  stm32f10x_rcc.o(.text)
    RCC_GetITStatus                          0x080037d3   Thumb Code    20  stm32f10x_rcc.o(.text)
    RCC_ClearITPendingBit                    0x080037e7   Thumb Code     6  stm32f10x_rcc.o(.text)
    TIM_DeInit                               0x08003811   Thumb Code   424  stm32f10x_tim.o(.text)
    TIM_TimeBaseInit                         0x080039b9   Thumb Code   122  stm32f10x_tim.o(.text)
    TIM_OC1Init                              0x08003a33   Thumb Code   132  stm32f10x_tim.o(.text)
    TIM_OC2Init                              0x08003ab7   Thumb Code   154  stm32f10x_tim.o(.text)
    TIM_OC3Init                              0x08003b51   Thumb Code   150  stm32f10x_tim.o(.text)
    TIM_OC4Init                              0x08003be7   Thumb Code   182  stm32f10x_tim.o(.text)
    TIM_SetIC4Prescaler                      0x08003c9d   Thumb Code    26  stm32f10x_tim.o(.text)
    TIM_SetIC3Prescaler                      0x08003d39   Thumb Code    18  stm32f10x_tim.o(.text)
    TIM_SetIC2Prescaler                      0x08003dc5   Thumb Code    26  stm32f10x_tim.o(.text)
    TIM_SetIC1Prescaler                      0x08003e61   Thumb Code    18  stm32f10x_tim.o(.text)
    TIM_ICInit                               0x08003edf   Thumb Code   150  stm32f10x_tim.o(.text)
    TIM_PWMIConfig                           0x08003f75   Thumb Code   124  stm32f10x_tim.o(.text)
    TIM_BDTRConfig                           0x08003ff1   Thumb Code    32  stm32f10x_tim.o(.text)
    TIM_TimeBaseStructInit                   0x08004011   Thumb Code    18  stm32f10x_tim.o(.text)
    TIM_OCStructInit                         0x08004023   Thumb Code    20  stm32f10x_tim.o(.text)
    TIM_ICStructInit                         0x08004037   Thumb Code    18  stm32f10x_tim.o(.text)
    TIM_BDTRStructInit                       0x08004049   Thumb Code    40  stm32f10x_tim.o(.text)
    TIM_Cmd                                  0x08004071   Thumb Code    24  stm32f10x_tim.o(.text)
    TIM_CtrlPWMOutputs                       0x08004089   Thumb Code    30  stm32f10x_tim.o(.text)
    TIM_ITConfig                             0x080040a7   Thumb Code    18  stm32f10x_tim.o(.text)
    TIM_GenerateEvent                        0x080040b9   Thumb Code     4  stm32f10x_tim.o(.text)
    TIM_DMAConfig                            0x080040bd   Thumb Code    10  stm32f10x_tim.o(.text)
    TIM_DMACmd                               0x080040c7   Thumb Code    18  stm32f10x_tim.o(.text)
    TIM_InternalClockConfig                  0x080040d9   Thumb Code    12  stm32f10x_tim.o(.text)
    TIM_SelectInputTrigger                   0x080040e5   Thumb Code    18  stm32f10x_tim.o(.text)
    TIM_ITRxExternalClockConfig              0x080040f7   Thumb Code    24  stm32f10x_tim.o(.text)
    TIM_TIxExternalClockConfig               0x0800410f   Thumb Code    62  stm32f10x_tim.o(.text)
    TIM_ETRConfig                            0x0800414d   Thumb Code    28  stm32f10x_tim.o(.text)
    TIM_ETRClockMode1Config                  0x08004169   Thumb Code    54  stm32f10x_tim.o(.text)
    TIM_ETRClockMode2Config                  0x0800419f   Thumb Code    32  stm32f10x_tim.o(.text)
    TIM_PrescalerConfig                      0x080041bf   Thumb Code     6  stm32f10x_tim.o(.text)
    TIM_CounterModeConfig                    0x080041c5   Thumb Code    18  stm32f10x_tim.o(.text)
    TIM_EncoderInterfaceConfig               0x080041d7   Thumb Code    66  stm32f10x_tim.o(.text)
    TIM_ForcedOC1Config                      0x08004219   Thumb Code    18  stm32f10x_tim.o(.text)
    TIM_ForcedOC2Config                      0x0800422b   Thumb Code    26  stm32f10x_tim.o(.text)
    TIM_ForcedOC3Config                      0x08004245   Thumb Code    18  stm32f10x_tim.o(.text)
    TIM_ForcedOC4Config                      0x08004257   Thumb Code    26  stm32f10x_tim.o(.text)
    TIM_ARRPreloadConfig                     0x08004271   Thumb Code    24  stm32f10x_tim.o(.text)
    TIM_SelectCOM                            0x08004289   Thumb Code    24  stm32f10x_tim.o(.text)
    TIM_SelectCCDMA                          0x080042a1   Thumb Code    24  stm32f10x_tim.o(.text)
    TIM_CCPreloadControl                     0x080042b9   Thumb Code    24  stm32f10x_tim.o(.text)
    TIM_OC1PreloadConfig                     0x080042d1   Thumb Code    18  stm32f10x_tim.o(.text)
    TIM_OC2PreloadConfig                     0x080042e3   Thumb Code    26  stm32f10x_tim.o(.text)
    TIM_OC3PreloadConfig                     0x080042fd   Thumb Code    18  stm32f10x_tim.o(.text)
    TIM_OC4PreloadConfig                     0x0800430f   Thumb Code    26  stm32f10x_tim.o(.text)
    TIM_OC1FastConfig                        0x08004329   Thumb Code    18  stm32f10x_tim.o(.text)
    TIM_OC2FastConfig                        0x0800433b   Thumb Code    26  stm32f10x_tim.o(.text)
    TIM_OC3FastConfig                        0x08004355   Thumb Code    18  stm32f10x_tim.o(.text)
    TIM_OC4FastConfig                        0x08004367   Thumb Code    26  stm32f10x_tim.o(.text)
    TIM_ClearOC1Ref                          0x08004381   Thumb Code    18  stm32f10x_tim.o(.text)
    TIM_ClearOC2Ref                          0x08004393   Thumb Code    24  stm32f10x_tim.o(.text)
    TIM_ClearOC3Ref                          0x080043ab   Thumb Code    18  stm32f10x_tim.o(.text)
    TIM_ClearOC4Ref                          0x080043bd   Thumb Code    24  stm32f10x_tim.o(.text)
    TIM_OC1PolarityConfig                    0x080043d5   Thumb Code    18  stm32f10x_tim.o(.text)
    TIM_OC1NPolarityConfig                   0x080043e7   Thumb Code    18  stm32f10x_tim.o(.text)
    TIM_OC2PolarityConfig                    0x080043f9   Thumb Code    26  stm32f10x_tim.o(.text)
    TIM_OC2NPolarityConfig                   0x08004413   Thumb Code    26  stm32f10x_tim.o(.text)
    TIM_OC3PolarityConfig                    0x0800442d   Thumb Code    26  stm32f10x_tim.o(.text)
    TIM_OC3NPolarityConfig                   0x08004447   Thumb Code    26  stm32f10x_tim.o(.text)
    TIM_OC4PolarityConfig                    0x08004461   Thumb Code    26  stm32f10x_tim.o(.text)
    TIM_CCxCmd                               0x0800447b   Thumb Code    30  stm32f10x_tim.o(.text)
    TIM_CCxNCmd                              0x08004499   Thumb Code    30  stm32f10x_tim.o(.text)
    TIM_SelectOCxM                           0x080044b7   Thumb Code    82  stm32f10x_tim.o(.text)
    TIM_UpdateDisableConfig                  0x08004509   Thumb Code    24  stm32f10x_tim.o(.text)
    TIM_UpdateRequestConfig                  0x08004521   Thumb Code    24  stm32f10x_tim.o(.text)
    TIM_SelectHallSensor                     0x08004539   Thumb Code    24  stm32f10x_tim.o(.text)
    TIM_SelectOnePulseMode                   0x08004551   Thumb Code    18  stm32f10x_tim.o(.text)
    TIM_SelectOutputTrigger                  0x08004563   Thumb Code    18  stm32f10x_tim.o(.text)
    TIM_SelectSlaveMode                      0x08004575   Thumb Code    18  stm32f10x_tim.o(.text)
    TIM_SelectMasterSlaveMode                0x08004587   Thumb Code    18  stm32f10x_tim.o(.text)
    TIM_SetCounter                           0x08004599   Thumb Code     4  stm32f10x_tim.o(.text)
    TIM_SetAutoreload                        0x0800459d   Thumb Code     4  stm32f10x_tim.o(.text)
    TIM_SetCompare1                          0x080045a1   Thumb Code     4  stm32f10x_tim.o(.text)
    TIM_SetCompare2                          0x080045a5   Thumb Code     4  stm32f10x_tim.o(.text)
    TIM_SetCompare3                          0x080045a9   Thumb Code     4  stm32f10x_tim.o(.text)
    TIM_SetCompare4                          0x080045ad   Thumb Code     6  stm32f10x_tim.o(.text)
    TIM_SetClockDivision                     0x080045b3   Thumb Code    18  stm32f10x_tim.o(.text)
    TIM_GetCapture1                          0x080045c5   Thumb Code     6  stm32f10x_tim.o(.text)
    TIM_GetCapture2                          0x080045cb   Thumb Code     6  stm32f10x_tim.o(.text)
    TIM_GetCapture3                          0x080045d1   Thumb Code     6  stm32f10x_tim.o(.text)
    TIM_GetCapture4                          0x080045d7   Thumb Code     8  stm32f10x_tim.o(.text)
    TIM_GetCounter                           0x080045df   Thumb Code     6  stm32f10x_tim.o(.text)
    TIM_GetPrescaler                         0x080045e5   Thumb Code     6  stm32f10x_tim.o(.text)
    TIM_GetFlagStatus                        0x080045eb   Thumb Code    18  stm32f10x_tim.o(.text)
    TIM_ClearFlag                            0x080045fd   Thumb Code     6  stm32f10x_tim.o(.text)
    TIM_GetITStatus                          0x08004603   Thumb Code    34  stm32f10x_tim.o(.text)
    TIM_ClearITPendingBit                    0x08004625   Thumb Code     6  stm32f10x_tim.o(.text)
    DMA_DeInit                               0x0800462d   Thumb Code   324  stm32f10x_dma.o(.text)
    DMA_Init                                 0x08004771   Thumb Code    60  stm32f10x_dma.o(.text)
    DMA_StructInit                           0x080047ad   Thumb Code    26  stm32f10x_dma.o(.text)
    DMA_Cmd                                  0x080047c7   Thumb Code    24  stm32f10x_dma.o(.text)
    DMA_ITConfig                             0x080047df   Thumb Code    18  stm32f10x_dma.o(.text)
    DMA_SetCurrDataCounter                   0x080047f1   Thumb Code     4  stm32f10x_dma.o(.text)
    DMA_GetCurrDataCounter                   0x080047f5   Thumb Code     8  stm32f10x_dma.o(.text)
    DMA_GetFlagStatus                        0x080047fd   Thumb Code    40  stm32f10x_dma.o(.text)
    DMA_ClearFlag                            0x08004825   Thumb Code    22  stm32f10x_dma.o(.text)
    DMA_GetITStatus                          0x0800483b   Thumb Code    40  stm32f10x_dma.o(.text)
    DMA_ClearITPendingBit                    0x08004863   Thumb Code    22  stm32f10x_dma.o(.text)
    usmart_sys_cmd_exe                       0x08004881   Thumb Code  1554  usmart.o(.text)
    usmart_reset_runtime                     0x08004e93   Thumb Code    38  usmart.o(.text)
    usmart_get_runtime                       0x08004eb9   Thumb Code    60  usmart.o(.text)
    TIM4_IRQHandler                          0x08004ef5   Thumb Code    46  usmart.o(.text)
    Timer4_Init                              0x08004f23   Thumb Code    88  usmart.o(.text)
    usmart_init                              0x08004f7b   Thumb Code    36  usmart.o(.text)
    usmart_cmd_rec                           0x08004f9f   Thumb Code   170  usmart.o(.text)
    usmart_exe                               0x08005049   Thumb Code   870  usmart.o(.text)
    usmart_scan                              0x080053af   Thumb Code   120  usmart.o(.text)
    read_addr                                0x08005427   Thumb Code     6  usmart.o(.text)
    write_addr                               0x0800542d   Thumb Code     4  usmart.o(.text)
    usmart_strcmp                            0x080054b9   Thumb Code    34  usmart_str.o(.text)
    usmart_strcopy                           0x080054db   Thumb Code    22  usmart_str.o(.text)
    usmart_strlen                            0x080054f1   Thumb Code    24  usmart_str.o(.text)
    usmart_pow                               0x08005509   Thumb Code    22  usmart_str.o(.text)
    usmart_str2num                           0x0800551f   Thumb Code   202  usmart_str.o(.text)
    usmart_get_cmdname                       0x080055e9   Thumb Code    54  usmart_str.o(.text)
    usmart_search_nextc                      0x0800561f   Thumb Code    22  usmart_str.o(.text)
    usmart_get_fname                         0x08005635   Thumb Code   440  usmart_str.o(.text)
    usmart_get_aparm                         0x080057ed   Thumb Code   200  usmart_str.o(.text)
    usmart_get_parmpos                       0x080058b5   Thumb Code    26  usmart_str.o(.text)
    usmart_get_fparam                        0x080058cf   Thumb Code   262  usmart_str.o(.text)
    __use_no_semihosting                     0x080059e1   Thumb Code     2  use_no_semi_2.o(.text)
    __2printf                                0x080059e5   Thumb Code    20  noretval__2printf.o(.text)
    _printf_pre_padding                      0x080059fd   Thumb Code    44  _printf_pad.o(.text)
    _printf_post_padding                     0x08005a29   Thumb Code    34  _printf_pad.o(.text)
    _printf_str                              0x08005a4b   Thumb Code    82  _printf_str.o(.text)
    _printf_int_dec                          0x08005a9d   Thumb Code   104  _printf_dec.o(.text)
    _printf_int_hex                          0x08005b15   Thumb Code    84  _printf_hex_int.o(.text)
    _printf_longlong_hex                     0x08005b15   Thumb Code     0  _printf_hex_int.o(.text)
    __printf                                 0x08005b6d   Thumb Code   388  __printf_flags_ss_wp.o(.text)
    __0sscanf                                0x08005cf5   Thumb Code    52  __0sscanf.o(.text)
    _scanf_int                               0x08005d31   Thumb Code   332  _scanf_int.o(.text)
    _scanf_string                            0x08005e7d   Thumb Code   224  _scanf_str.o(.text)
    strstr                                   0x08005f5d   Thumb Code    36  strstr.o(.text)
    __use_two_region_memory                  0x08005f81   Thumb Code     2  heapauxi.o(.text)
    __rt_heap_escrow$2region                 0x08005f83   Thumb Code     2  heapauxi.o(.text)
    __rt_heap_expand$2region                 0x08005f85   Thumb Code     2  heapauxi.o(.text)
    __I$use$semihosting                      0x08005f87   Thumb Code     0  use_no_semi.o(.text)
    __use_no_semihosting_swi                 0x08005f87   Thumb Code     2  use_no_semi.o(.text)
    __read_errno                             0x08005f89   Thumb Code    10  _rserrno.o(.text)
    __set_errno                              0x08005f93   Thumb Code    12  _rserrno.o(.text)
    _printf_int_common                       0x08005f9f   Thumb Code   178  _printf_intcommon.o(.text)
    __lib_sel_fp_printf                      0x08006051   Thumb Code     2  _printf_fp_dec.o(.text)
    _printf_fp_dec_real                      0x08006203   Thumb Code   620  _printf_fp_dec.o(.text)
    _printf_cs_common                        0x0800646f   Thumb Code    20  _printf_char.o(.text)
    _printf_char                             0x08006483   Thumb Code    16  _printf_char.o(.text)
    _printf_string                           0x08006493   Thumb Code     8  _printf_char.o(.text)
    _printf_char_file                        0x0800649d   Thumb Code    32  _printf_char_file.o(.text)
    _chval                                   0x080064c1   Thumb Code    28  _chval.o(.text)
    _scanf_really_real                       0x08006729   Thumb Code   684  scanf_fp.o(.text)
    __vfscanf_char                           0x080069e1   Thumb Code    24  scanf_char.o(.text)
    _sgetc                                   0x08006a01   Thumb Code    30  _sgetc.o(.text)
    _sbackspace                              0x08006a1f   Thumb Code    34  _sgetc.o(.text)
    __rt_locale                              0x08006a41   Thumb Code     8  rt_locale_intlibspace.o(.text)
    __aeabi_errno_addr                       0x08006a49   Thumb Code     8  rt_errno_addr_intlibspace.o(.text)
    __errno$intlibspace                      0x08006a49   Thumb Code     0  rt_errno_addr_intlibspace.o(.text)
    __rt_errno_addr$intlibspace              0x08006a49   Thumb Code     0  rt_errno_addr_intlibspace.o(.text)
    _ll_udiv10                               0x08006a51   Thumb Code   138  lludiv10.o(.text)
    isspace                                  0x08006adb   Thumb Code    18  isspace.o(.text)
    _printf_char_common                      0x08006af7   Thumb Code    32  _printf_char_common.o(.text)
    _printf_fp_infnan                        0x08006b1d   Thumb Code   112  _printf_fp_infnan.o(.text)
    __vfscanf                                0x08006b9d   Thumb Code   878  _scanf.o(.text)
    _btod_etento                             0x08006f11   Thumb Code   224  bigflt0.o(.text)
    ferror                                   0x08006ff5   Thumb Code     8  ferror.o(.text)
    __user_libspace                          0x08006ffd   Thumb Code     8  libspace.o(.text)
    __user_perproc_libspace                  0x08006ffd   Thumb Code     0  libspace.o(.text)
    __user_perthread_libspace                0x08006ffd   Thumb Code     0  libspace.o(.text)
    __user_setup_stackheap                   0x08007005   Thumb Code    74  sys_stackheap_outer.o(.text)
    __rt_ctype_table                         0x08007051   Thumb Code    16  rt_ctype_table.o(.text)
    _scanf_really_hex_real                   0x08007061   Thumb Code   786  scanf_hexfp.o(.text)
    _scanf_really_infnan                     0x08007381   Thumb Code   292  scanf_infnan.o(.text)
    exit                                     0x080074b5   Thumb Code    18  exit.o(.text)
    strcmp                                   0x080074c9   Thumb Code   128  strcmpv7m.o(.text)
    __aeabi_llsl                             0x08007549   Thumb Code     0  llshl.o(.text)
    _ll_shift_l                              0x08007549   Thumb Code    38  llshl.o(.text)
    _btod_d2e                                0x0800756f   Thumb Code    62  btod.o(CL$$btod_d2e)
    _d2e_denorm_low                          0x080075ad   Thumb Code    70  btod.o(CL$$btod_d2e_denorm_low)
    _d2e_norm_op1                            0x080075f3   Thumb Code    96  btod.o(CL$$btod_d2e_norm_op1)
    __btod_div_common                        0x08007653   Thumb Code   696  btod.o(CL$$btod_div_common)
    _e2d                                     0x0800798d   Thumb Code   122  btod.o(CL$$btod_e2d)
    _e2e                                     0x08007a11   Thumb Code   220  btod.o(CL$$btod_e2e)
    _btod_ediv                               0x08007aed   Thumb Code    42  btod.o(CL$$btod_ediv)
    _btod_edivd                              0x08007b17   Thumb Code    42  btod.o(CL$$btod_edivd)
    _btod_emul                               0x08007b41   Thumb Code    42  btod.o(CL$$btod_emul)
    _btod_emuld                              0x08007b6b   Thumb Code    42  btod.o(CL$$btod_emuld)
    __btod_mult_common                       0x08007b95   Thumb Code   580  btod.o(CL$$btod_mult_common)
    __ARM_fpclassify                         0x08007dd9   Thumb Code    40  fpclassify.o(i.__ARM_fpclassify)
    __ieee754_rem_pio2                       0x08007e01   Thumb Code   828  rred.o(i.__ieee754_rem_pio2)
    __kernel_cos                             0x08008189   Thumb Code   230  cos_i.o(i.__kernel_cos)
    __kernel_poly                            0x08008285   Thumb Code   170  poly.o(i.__kernel_poly)
    __kernel_sin                             0x08008331   Thumb Code   224  sin_i.o(i.__kernel_sin)
    __mathlib_dbl_infnan                     0x0800841d   Thumb Code     6  dunder.o(i.__mathlib_dbl_infnan)
    __mathlib_dbl_invalid                    0x08008423   Thumb Code    12  dunder.o(i.__mathlib_dbl_invalid)
    __mathlib_dbl_overflow                   0x0800842f   Thumb Code    14  dunder.o(i.__mathlib_dbl_overflow)
    __mathlib_dbl_underflow                  0x0800843d   Thumb Code    10  dunder.o(i.__mathlib_dbl_underflow)
    __mathlib_narrow                         0x0800844d   Thumb Code    16  narrow.o(i.__mathlib_narrow)
    __mathlib_tofloat                        0x0800845d   Thumb Code   184  narrow.o(i.__mathlib_tofloat)
    __support_ldexp                          0x08008519   Thumb Code    22  ldexp.o(i.__support_ldexp)
    _is_digit                                0x0800852f   Thumb Code    14  __printf_wp.o(i._is_digit)
    frexp                                    0x0800853d   Thumb Code    80  frexp.o(i.frexp)
    ldexp                                    0x08008595   Thumb Code   116  ldexp.o(i.ldexp)
    sin                                      0x08008609   Thumb Code   150  sin.o(i.sin)
    _get_lc_numeric                          0x080086a9   Thumb Code    44  lc_numeric_c.o(locale$$code)
    _get_lc_ctype                            0x080086d5   Thumb Code    44  lc_ctype_c.o(locale$$code)
    __aeabi_d2f                              0x08008701   Thumb Code     0  d2f.o(x$fpl$d2f)
    _d2f                                     0x08008701   Thumb Code    98  d2f.o(x$fpl$d2f)
    __aeabi_dadd                             0x08008765   Thumb Code     0  daddsub_clz.o(x$fpl$dadd)
    _dadd                                    0x08008765   Thumb Code   332  daddsub_clz.o(x$fpl$dadd)
    __fpl_dcheck_NaN1                        0x080088b5   Thumb Code    10  dcheck1.o(x$fpl$dcheck1)
    __fpl_dcmp_Inf                           0x080088c5   Thumb Code    24  dcmpi.o(x$fpl$dcmpinf)
    __aeabi_ddiv                             0x080088dd   Thumb Code     0  ddiv.o(x$fpl$ddiv)
    _ddiv                                    0x080088dd   Thumb Code   552  ddiv.o(x$fpl$ddiv)
    __aeabi_cdcmpeq                          0x08008b8d   Thumb Code     0  deqf.o(x$fpl$deqf)
    _dcmpeq                                  0x08008b8d   Thumb Code   120  deqf.o(x$fpl$deqf)
    __aeabi_d2iz                             0x08008c05   Thumb Code     0  dfix.o(x$fpl$dfix)
    _dfix                                    0x08008c05   Thumb Code    94  dfix.o(x$fpl$dfix)
    __aeabi_d2uiz                            0x08008c65   Thumb Code     0  dfixu.o(x$fpl$dfixu)
    _dfixu                                   0x08008c65   Thumb Code    90  dfixu.o(x$fpl$dfixu)
    __aeabi_i2d                              0x08008cbf   Thumb Code     0  dflt_clz.o(x$fpl$dflt)
    _dflt                                    0x08008cbf   Thumb Code    46  dflt_clz.o(x$fpl$dflt)
    __aeabi_ui2d                             0x08008ced   Thumb Code     0  dflt_clz.o(x$fpl$dfltu)
    _dfltu                                   0x08008ced   Thumb Code    38  dflt_clz.o(x$fpl$dfltu)
    __aeabi_cdcmple                          0x08008d15   Thumb Code     0  dleqf.o(x$fpl$dleqf)
    _dcmple                                  0x08008d15   Thumb Code   120  dleqf.o(x$fpl$dleqf)
    __fpl_dcmple_InfNaN                      0x08008d77   Thumb Code     0  dleqf.o(x$fpl$dleqf)
    __aeabi_dmul                             0x08008d8d   Thumb Code     0  dmul.o(x$fpl$dmul)
    _dmul                                    0x08008d8d   Thumb Code   332  dmul.o(x$fpl$dmul)
    __fpl_dnaninf                            0x08008ee1   Thumb Code   156  dnaninf.o(x$fpl$dnaninf)
    __fpl_dretinf                            0x08008f7d   Thumb Code    12  dretinf.o(x$fpl$dretinf)
    __aeabi_cdrcmple                         0x08008f89   Thumb Code     0  drleqf.o(x$fpl$drleqf)
    _drcmple                                 0x08008f89   Thumb Code   108  drleqf.o(x$fpl$drleqf)
    __aeabi_drsub                            0x08008ff5   Thumb Code     0  daddsub_clz.o(x$fpl$drsb)
    _drsb                                    0x08008ff5   Thumb Code    22  daddsub_clz.o(x$fpl$drsb)
    __aeabi_dsub                             0x0800900d   Thumb Code     0  daddsub_clz.o(x$fpl$dsub)
    _dsub                                    0x0800900d   Thumb Code   464  daddsub_clz.o(x$fpl$dsub)
    __aeabi_f2d                              0x080091e1   Thumb Code     0  f2d.o(x$fpl$f2d)
    _f2d                                     0x080091e1   Thumb Code    86  f2d.o(x$fpl$f2d)
    __aeabi_fdiv                             0x08009239   Thumb Code     0  fdiv.o(x$fpl$fdiv)
    _fdiv                                    0x08009239   Thumb Code   384  fdiv.o(x$fpl$fdiv)
    __aeabi_f2uiz                            0x080093bd   Thumb Code     0  ffixu.o(x$fpl$ffixu)
    _ffixu                                   0x080093bd   Thumb Code    62  ffixu.o(x$fpl$ffixu)
    __aeabi_ui2f                             0x080093fd   Thumb Code     0  fflt_clz.o(x$fpl$ffltu)
    _ffltu                                   0x080093fd   Thumb Code    38  fflt_clz.o(x$fpl$ffltu)
    __aeabi_fmul                             0x08009425   Thumb Code     0  fmul.o(x$fpl$fmul)
    _fmul                                    0x08009425   Thumb Code   258  fmul.o(x$fpl$fmul)
    __fpl_fnaninf                            0x08009527   Thumb Code   140  fnaninf.o(x$fpl$fnaninf)
    __fpl_fretinf                            0x080095b3   Thumb Code    10  fretinf.o(x$fpl$fretinf)
    __ieee_status                            0x080095bd   Thumb Code     6  istatus.o(x$fpl$ieeestatus)
    _printf_fp_dec                           0x080095c3   Thumb Code     4  printf1.o(x$fpl$printf1)
    __fpl_return_NaN                         0x080095c7   Thumb Code   100  retnan.o(x$fpl$retnan)
    __ARM_scalbn                             0x0800962b   Thumb Code    92  scalbn.o(x$fpl$scalbn)
    _scanf_real                              0x08009687   Thumb Code     4  scanf1.o(x$fpl$scanf1)
    _scanf_hex_real                          0x0800968b   Thumb Code     4  scanf2.o(x$fpl$scanf2)
    _scanf_infnan                            0x0800968f   Thumb Code     4  scanf2.o(x$fpl$scanf2)
    __fpl_cmpreturn                          0x08009693   Thumb Code    48  trapv.o(x$fpl$trapveneer)
    __I$use$fp                               0x080096c2   Number         0  usenofp.o(x$fpl$usenofp)
    asc2_1608                                0x080096c2   Data        1520  lcd.o(.constdata)
    image                                    0x08009cb2   Data       40960  lcd.o(.constdata)
    Region$$Table$$Base                      0x08013fa4   Number         0  anon$$obj.o(Region$$Table)
    Region$$Table$$Limit                     0x08013fc4   Number         0  anon$$obj.o(Region$$Table)
    __aeabi_HUGE_VAL                         0x08013fc4   Data           0  fpconst.o(c$$dinf)
    __aeabi_HUGE_VALL                        0x08013fc4   Data           0  fpconst.o(c$$dinf)
    __aeabi_INFINITY                         0x08013fc4   Data           0  fpconst.o(c$$dinf)
    __dInf                                   0x08013fc4   Data           0  fpconst.o(c$$dinf)
    __huge_val                               0x08013fc4   Data           0  fpconst.o(c$$dinf)
    __dbl_max                                0x08013fcc   Data           0  fpconst.o(c$$dmax)
    __ctype                                  0x08013ffd   Data           0  lc_ctype_c.o(locale$$data)
    CHX                                      0x20000000   Data           4  main.o(.data)
    flag1                                    0x20000004   Data           4  main.o(.data)
    line_a                                   0x20000008   Data           1  main.o(.data)
    line_b                                   0x20000009   Data           1  main.o(.data)
    line_a_level                             0x2000000a   Data           1  main.o(.data)
    line_b_level                             0x2000000b   Data           1  main.o(.data)
    CHA_state                                0x2000000c   Data           4  main.o(.data)
    CHB_state                                0x20000010   Data           4  main.o(.data)
    CHA_Waveform                             0x20000014   Data           1  main.o(.data)
    CHB_Waveform                             0x20000015   Data           1  main.o(.data)
    frequency_a                              0x20000018   Data           4  main.o(.data)
    frequency_b                              0x2000001c   Data           4  main.o(.data)
    volt_a                                   0x20000020   Data           4  main.o(.data)
    volt_b                                   0x20000024   Data           4  main.o(.data)
    fraseflag                                0x20000028   Data           1  main.o(.data)
    frase                                    0x2000002c   Data           4  main.o(.data)
    temp_frase                               0x20000030   Data           4  main.o(.data)
    last_frase                               0x20000034   Data           4  main.o(.data)
    volt_verf                                0x20000038   Data           4  main.o(.data)
    double_channel                           0x2000003c   Data           1  main.o(.data)
    receive_catch0                           0x2000003d   Data           4  main.o(.data)
    receive_catch1                           0x20000041   Data           5  main.o(.data)
    receive_catch3                           0x20000048   Data           4  main.o(.data)
    receive_catch4                           0x2000004c   Data           4  main.o(.data)
    receive_catch6                           0x20000050   Data           4  main.o(.data)
    receive_catch7                           0x20000054   Data           4  main.o(.data)
    receive_catch9                           0x20000058   Data           4  main.o(.data)
    receive_catch8                           0x2000005c   Data           4  main.o(.data)
    receive_catch10                          0x20000060   Data           4  main.o(.data)
    USART_DOUBEL_FLAG                        0x20000064   Data           1  main.o(.data)
    SystemCoreClock                          0x20000068   Data           4  system_stm32f10x.o(.data)
    AHBPrescTable                            0x2000006c   Data          16  system_stm32f10x.o(.data)
    SineWave_Value                           0x2000007c   Data         512  dma_waveoutput.o(.data)
    SineWave_Value1                          0x2000027c   Data         512  dma_waveoutput.o(.data)
    SawToothWave_Value                       0x2000047c   Data         512  dma_waveoutput.o(.data)
    Y1                                       0x2000067c   Data           1  key4_4.o(.data)
    Y2                                       0x2000067d   Data           1  key4_4.o(.data)
    Y3                                       0x2000067e   Data           1  key4_4.o(.data)
    Y4                                       0x2000067f   Data           1  key4_4.o(.data)
    Hzk32                                    0x20000680   Data         640  lcd.o(.data)
    Hzk16                                    0x20000900   Data         576  lcd.o(.data)
    Hzk16_1                                  0x20000b40   Data         384  lcd.o(.data)
    BACK_COLOR                               0x20000cc0   Data           4  lcd.o(.data)
    __stdout                                 0x20000cc8   Data           4  usart.o(.data)
    USART_RX_STA                             0x20000ccc   Data           2  usart.o(.data)
    sys_cmd_tab                              0x20000ce4   Data          28  usmart.o(.data)
    usmart_nametab                           0x20000d00   Data          40  usmart_config.o(.data)
    usmart_dev                               0x20000d28   Data         244  usmart_config.o(.data)
    receive_catch2                           0x20000e1c   Data          10  main.o(.bss)
    receive_catch5                           0x20000e26   Data          10  main.o(.bss)
    data                                     0x20000e30   Data         144  dac.o(.bss)
    data1                                    0x20000ec0   Data         144  dac.o(.bss)
    dma_data                                 0x20000f50   Data          72  dac.o(.bss)
    dma_data1                                0x20000f98   Data          72  dac.o(.bss)
    USART_RX_BUF                             0x20000fe0   Data         200  usart.o(.bss)
    __libspace_start                         0x200010a8   Data          96  libspace.o(.bss)
    __temporary_stack_top$libspace           0x20001108   Data           0  libspace.o(.bss)



==============================================================================

Memory Map of the image

  Image Entry point : 0x08000131

  Load Region LR_IROM1 (Base: 0x08000000, Size: 0x00014f1c, Max: 0x00040000, ABSOLUTE, COMPRESSED[0x00014850])

    Execution Region ER_IROM1 (Exec base: 0x08000000, Load base: 0x08000000, Size: 0x00014100, Max: 0x00040000, ABSOLUTE)

    Exec Addr    Load Addr    Size         Type   Attr      Idx    E Section Name        Object

    0x08000000   0x08000000   0x00000130   Data   RO          577    RESET               startup_stm32f10x_hd.o
    0x08000130   0x08000130   0x00000008   Code   RO          839  * !!!main             c_w.l(__main.o)
    0x08000138   0x08000138   0x00000034   Code   RO         1232    !!!scatter          c_w.l(__scatter.o)
    0x0800016c   0x0800016c   0x00000064   Code   RO         1230    !!dclz77c           c_w.l(__dclz77c.o)
    0x080001d0   0x080001d0   0x0000001c   Code   RO         1234    !!handler_zi        c_w.l(__scatter_zi.o)
    0x080001ec   0x080001ec   0x00000000   Code   RO          828    .ARM.Collect$$_printf_percent$$00000000  c_w.l(_printf_percent.o)
    0x080001ec   0x080001ec   0x00000006   Code   RO          827    .ARM.Collect$$_printf_percent$$00000003  c_w.l(_printf_f.o)
    0x080001f2   0x080001f2   0x00000006   Code   RO          825    .ARM.Collect$$_printf_percent$$00000009  c_w.l(_printf_d.o)
    0x080001f8   0x080001f8   0x00000006   Code   RO          826    .ARM.Collect$$_printf_percent$$0000000A  c_w.l(_printf_u.o)
    0x080001fe   0x080001fe   0x00000006   Code   RO          824    .ARM.Collect$$_printf_percent$$0000000C  c_w.l(_printf_x.o)
    0x08000204   0x08000204   0x00000006   Code   RO          822    .ARM.Collect$$_printf_percent$$00000013  c_w.l(_printf_c.o)
    0x0800020a   0x0800020a   0x00000006   Code   RO          823    .ARM.Collect$$_printf_percent$$00000014  c_w.l(_printf_s.o)
    0x08000210   0x08000210   0x00000004   Code   RO          910    .ARM.Collect$$_printf_percent$$00000017  c_w.l(_printf_percent_end.o)
    0x08000214   0x08000214   0x00000002   Code   RO         1075    .ARM.Collect$$libinit$$00000000  c_w.l(libinit.o)
    0x08000216   0x08000216   0x00000000   Code   RO         1077    .ARM.Collect$$libinit$$00000002  c_w.l(libinit2.o)
    0x08000216   0x08000216   0x00000000   Code   RO         1079    .ARM.Collect$$libinit$$00000004  c_w.l(libinit2.o)
    0x08000216   0x08000216   0x00000000   Code   RO         1082    .ARM.Collect$$libinit$$0000000A  c_w.l(libinit2.o)
    0x08000216   0x08000216   0x00000000   Code   RO         1084    .ARM.Collect$$libinit$$0000000C  c_w.l(libinit2.o)
    0x08000216   0x08000216   0x00000000   Code   RO         1086    .ARM.Collect$$libinit$$0000000E  c_w.l(libinit2.o)
    0x08000216   0x08000216   0x00000006   Code   RO         1087    .ARM.Collect$$libinit$$0000000F  c_w.l(libinit2.o)
    0x0800021c   0x0800021c   0x00000000   Code   RO         1089    .ARM.Collect$$libinit$$00000011  c_w.l(libinit2.o)
    0x0800021c   0x0800021c   0x0000000c   Code   RO         1090    .ARM.Collect$$libinit$$00000012  c_w.l(libinit2.o)
    0x08000228   0x08000228   0x00000000   Code   RO         1091    .ARM.Collect$$libinit$$00000013  c_w.l(libinit2.o)
    0x08000228   0x08000228   0x00000000   Code   RO         1093    .ARM.Collect$$libinit$$00000015  c_w.l(libinit2.o)
    0x08000228   0x08000228   0x0000000a   Code   RO         1094    .ARM.Collect$$libinit$$00000016  c_w.l(libinit2.o)
    0x08000232   0x08000232   0x00000000   Code   RO         1095    .ARM.Collect$$libinit$$00000017  c_w.l(libinit2.o)
    0x08000232   0x08000232   0x00000000   Code   RO         1097    .ARM.Collect$$libinit$$00000019  c_w.l(libinit2.o)
    0x08000232   0x08000232   0x00000000   Code   RO         1099    .ARM.Collect$$libinit$$0000001B  c_w.l(libinit2.o)
    0x08000232   0x08000232   0x00000000   Code   RO         1101    .ARM.Collect$$libinit$$0000001D  c_w.l(libinit2.o)
    0x08000232   0x08000232   0x00000000   Code   RO         1103    .ARM.Collect$$libinit$$0000001F  c_w.l(libinit2.o)
    0x08000232   0x08000232   0x00000000   Code   RO         1105    .ARM.Collect$$libinit$$00000021  c_w.l(libinit2.o)
    0x08000232   0x08000232   0x00000000   Code   RO         1107    .ARM.Collect$$libinit$$00000023  c_w.l(libinit2.o)
    0x08000232   0x08000232   0x00000000   Code   RO         1109    .ARM.Collect$$libinit$$00000025  c_w.l(libinit2.o)
    0x08000232   0x08000232   0x00000000   Code   RO         1113    .ARM.Collect$$libinit$$0000002C  c_w.l(libinit2.o)
    0x08000232   0x08000232   0x00000000   Code   RO         1115    .ARM.Collect$$libinit$$0000002E  c_w.l(libinit2.o)
    0x08000232   0x08000232   0x00000000   Code   RO         1117    .ARM.Collect$$libinit$$00000030  c_w.l(libinit2.o)
    0x08000232   0x08000232   0x00000000   Code   RO         1119    .ARM.Collect$$libinit$$00000032  c_w.l(libinit2.o)
    0x08000232   0x08000232   0x00000002   Code   RO         1120    .ARM.Collect$$libinit$$00000033  c_w.l(libinit2.o)
    0x08000234   0x08000234   0x00000002   Code   RO         1180    .ARM.Collect$$libshutdown$$00000000  c_w.l(libshutdown.o)
    0x08000236   0x08000236   0x00000000   Code   RO         1189    .ARM.Collect$$libshutdown$$00000002  c_w.l(libshutdown2.o)
    0x08000236   0x08000236   0x00000000   Code   RO         1191    .ARM.Collect$$libshutdown$$00000004  c_w.l(libshutdown2.o)
    0x08000236   0x08000236   0x00000000   Code   RO         1194    .ARM.Collect$$libshutdown$$00000007  c_w.l(libshutdown2.o)
    0x08000236   0x08000236   0x00000000   Code   RO         1197    .ARM.Collect$$libshutdown$$0000000A  c_w.l(libshutdown2.o)
    0x08000236   0x08000236   0x00000000   Code   RO         1199    .ARM.Collect$$libshutdown$$0000000C  c_w.l(libshutdown2.o)
    0x08000236   0x08000236   0x00000000   Code   RO         1202    .ARM.Collect$$libshutdown$$0000000F  c_w.l(libshutdown2.o)
    0x08000236   0x08000236   0x00000002   Code   RO         1203    .ARM.Collect$$libshutdown$$00000010  c_w.l(libshutdown2.o)
    0x08000238   0x08000238   0x00000000   Code   RO          899    .ARM.Collect$$rtentry$$00000000  c_w.l(__rtentry.o)
    0x08000238   0x08000238   0x00000000   Code   RO          959    .ARM.Collect$$rtentry$$00000002  c_w.l(__rtentry2.o)
    0x08000238   0x08000238   0x00000006   Code   RO          971    .ARM.Collect$$rtentry$$00000004  c_w.l(__rtentry4.o)
    0x0800023e   0x0800023e   0x00000000   Code   RO          961    .ARM.Collect$$rtentry$$00000009  c_w.l(__rtentry2.o)
    0x0800023e   0x0800023e   0x00000004   Code   RO          962    .ARM.Collect$$rtentry$$0000000A  c_w.l(__rtentry2.o)
    0x08000242   0x08000242   0x00000000   Code   RO          964    .ARM.Collect$$rtentry$$0000000C  c_w.l(__rtentry2.o)
    0x08000242   0x08000242   0x00000008   Code   RO          965    .ARM.Collect$$rtentry$$0000000D  c_w.l(__rtentry2.o)
    0x0800024a   0x0800024a   0x00000002   Code   RO         1131    .ARM.Collect$$rtexit$$00000000  c_w.l(rtexit.o)
    0x0800024c   0x0800024c   0x00000000   Code   RO         1157    .ARM.Collect$$rtexit$$00000002  c_w.l(rtexit2.o)
    0x0800024c   0x0800024c   0x00000004   Code   RO         1158    .ARM.Collect$$rtexit$$00000003  c_w.l(rtexit2.o)
    0x08000250   0x08000250   0x00000006   Code   RO         1159    .ARM.Collect$$rtexit$$00000004  c_w.l(rtexit2.o)
    0x08000256   0x08000256   0x00000002   PAD
    0x08000258   0x08000258   0x00000cd4   Code   RO            1    .text               main.o
    0x08000f2c   0x08000f2c   0x0000001a   Code   RO          149    .text               stm32f10x_it.o
    0x08000f46   0x08000f46   0x00000002   PAD
    0x08000f48   0x08000f48   0x000001e0   Code   RO          247    .text               system_stm32f10x.o
    0x08001128   0x08001128   0x00000408   Code   RO          343    .text               dac.o
    0x08001530   0x08001530   0x000004e8   Code   RO          361    .text               dma_waveoutput.o
    0x08001a18   0x08001a18   0x00000594   Code   RO          379    .text               key4_4.o
    0x08001fac   0x08001fac   0x000008a0   Code   RO          486    .text               lcd.o
    0x0800284c   0x0800284c   0x000000d4   Code   RO          511    .text               delay.o
    0x08002920   0x08002920   0x00000140   Code   RO          542    .text               usart.o
    0x08002a60   0x08002a60   0x00000040   Code   RO          578    .text               startup_stm32f10x_hd.o
    0x08002aa0   0x08002aa0   0x000000dc   Code   RO          582    .text               misc.o
    0x08002b7c   0x08002b7c   0x0000035c   Code   RO          618    .text               stm32f10x_gpio.o
    0x08002ed8   0x08002ed8   0x00000408   Code   RO          630    .text               stm32f10x_usart.o
    0x080032e0   0x080032e0   0x0000018c   Code   RO          642    .text               stm32f10x_dac.o
    0x0800346c   0x0800346c   0x000003a4   Code   RO          654    .text               stm32f10x_rcc.o
    0x08003810   0x08003810   0x00000e1a   Code   RO          668    .text               stm32f10x_tim.o
    0x0800462a   0x0800462a   0x00000002   PAD
    0x0800462c   0x0800462c   0x00000254   Code   RO          680    .text               stm32f10x_dma.o
    0x08004880   0x08004880   0x00000c38   Code   RO          692    .text               usmart.o
    0x080054b8   0x080054b8   0x00000528   Code   RO          753    .text               usmart_str.o
    0x080059e0   0x080059e0   0x00000002   Code   RO          767    .text               c_w.l(use_no_semi_2.o)
    0x080059e2   0x080059e2   0x00000002   PAD
    0x080059e4   0x080059e4   0x00000018   Code   RO          771    .text               c_w.l(noretval__2printf.o)
    0x080059fc   0x080059fc   0x0000004e   Code   RO          775    .text               c_w.l(_printf_pad.o)
    0x08005a4a   0x08005a4a   0x00000052   Code   RO          777    .text               c_w.l(_printf_str.o)
    0x08005a9c   0x08005a9c   0x00000078   Code   RO          779    .text               c_w.l(_printf_dec.o)
    0x08005b14   0x08005b14   0x00000058   Code   RO          784    .text               c_w.l(_printf_hex_int.o)
    0x08005b6c   0x08005b6c   0x00000188   Code   RO          819    .text               c_w.l(__printf_flags_ss_wp.o)
    0x08005cf4   0x08005cf4   0x0000003c   Code   RO          829    .text               c_w.l(__0sscanf.o)
    0x08005d30   0x08005d30   0x0000014c   Code   RO          831    .text               c_w.l(_scanf_int.o)
    0x08005e7c   0x08005e7c   0x000000e0   Code   RO          833    .text               c_w.l(_scanf_str.o)
    0x08005f5c   0x08005f5c   0x00000024   Code   RO          835    .text               c_w.l(strstr.o)
    0x08005f80   0x08005f80   0x00000006   Code   RO          837    .text               c_w.l(heapauxi.o)
    0x08005f86   0x08005f86   0x00000002   Code   RO          897    .text               c_w.l(use_no_semi.o)
    0x08005f88   0x08005f88   0x00000016   Code   RO          900    .text               c_w.l(_rserrno.o)
    0x08005f9e   0x08005f9e   0x000000b2   Code   RO          902    .text               c_w.l(_printf_intcommon.o)
    0x08006050   0x08006050   0x0000041e   Code   RO          904    .text               c_w.l(_printf_fp_dec.o)
    0x0800646e   0x0800646e   0x0000002c   Code   RO          906    .text               c_w.l(_printf_char.o)
    0x0800649a   0x0800649a   0x00000002   PAD
    0x0800649c   0x0800649c   0x00000024   Code   RO          908    .text               c_w.l(_printf_char_file.o)
    0x080064c0   0x080064c0   0x0000001c   Code   RO          911    .text               c_w.l(_chval.o)
    0x080064dc   0x080064dc   0x000004f8   Code   RO          913    .text               c_w.l(scanf_fp.o)
    0x080069d4   0x080069d4   0x0000002c   Code   RO          915    .text               c_w.l(scanf_char.o)
    0x08006a00   0x08006a00   0x00000040   Code   RO          917    .text               c_w.l(_sgetc.o)
    0x08006a40   0x08006a40   0x00000008   Code   RO          976    .text               c_w.l(rt_locale_intlibspace.o)
    0x08006a48   0x08006a48   0x00000008   Code   RO          981    .text               c_w.l(rt_errno_addr_intlibspace.o)
    0x08006a50   0x08006a50   0x0000008a   Code   RO          983    .text               c_w.l(lludiv10.o)
    0x08006ada   0x08006ada   0x00000012   Code   RO          985    .text               c_w.l(isspace.o)
    0x08006aec   0x08006aec   0x00000030   Code   RO          987    .text               c_w.l(_printf_char_common.o)
    0x08006b1c   0x08006b1c   0x00000080   Code   RO          989    .text               c_w.l(_printf_fp_infnan.o)
    0x08006b9c   0x08006b9c   0x00000374   Code   RO          991    .text               c_w.l(_scanf.o)
    0x08006f10   0x08006f10   0x000000e4   Code   RO          993    .text               c_w.l(bigflt0.o)
    0x08006ff4   0x08006ff4   0x00000008   Code   RO         1018    .text               c_w.l(ferror.o)
    0x08006ffc   0x08006ffc   0x00000008   Code   RO         1053    .text               c_w.l(libspace.o)
    0x08007004   0x08007004   0x0000004a   Code   RO         1056    .text               c_w.l(sys_stackheap_outer.o)
    0x0800704e   0x0800704e   0x00000002   PAD
    0x08007050   0x08007050   0x00000010   Code   RO         1058    .text               c_w.l(rt_ctype_table.o)
    0x08007060   0x08007060   0x00000320   Code   RO         1062    .text               c_w.l(scanf_hexfp.o)
    0x08007380   0x08007380   0x00000134   Code   RO         1064    .text               c_w.l(scanf_infnan.o)
    0x080074b4   0x080074b4   0x00000012   Code   RO         1066    .text               c_w.l(exit.o)
    0x080074c6   0x080074c6   0x00000002   PAD
    0x080074c8   0x080074c8   0x00000080   Code   RO         1068    .text               c_w.l(strcmpv7m.o)
    0x08007548   0x08007548   0x00000026   Code   RO         1133    .text               c_w.l(llshl.o)
    0x0800756e   0x0800756e   0x0000003e   Code   RO          996    CL$$btod_d2e        c_w.l(btod.o)
    0x080075ac   0x080075ac   0x00000046   Code   RO          998    CL$$btod_d2e_denorm_low  c_w.l(btod.o)
    0x080075f2   0x080075f2   0x00000060   Code   RO          997    CL$$btod_d2e_norm_op1  c_w.l(btod.o)
    0x08007652   0x08007652   0x00000338   Code   RO         1006    CL$$btod_div_common  c_w.l(btod.o)
    0x0800798a   0x0800798a   0x00000002   PAD
    0x0800798c   0x0800798c   0x00000084   Code   RO         1004    CL$$btod_e2d        c_w.l(btod.o)
    0x08007a10   0x08007a10   0x000000dc   Code   RO         1003    CL$$btod_e2e        c_w.l(btod.o)
    0x08007aec   0x08007aec   0x0000002a   Code   RO         1000    CL$$btod_ediv       c_w.l(btod.o)
    0x08007b16   0x08007b16   0x0000002a   Code   RO         1002    CL$$btod_edivd      c_w.l(btod.o)
    0x08007b40   0x08007b40   0x0000002a   Code   RO          999    CL$$btod_emul       c_w.l(btod.o)
    0x08007b6a   0x08007b6a   0x0000002a   Code   RO         1001    CL$$btod_emuld      c_w.l(btod.o)
    0x08007b94   0x08007b94   0x00000244   Code   RO         1005    CL$$btod_mult_common  c_w.l(btod.o)
    0x08007dd8   0x08007dd8   0x00000028   Code   RO         1043    i.__ARM_fpclassify  m_ws.l(fpclassify.o)
    0x08007e00   0x08007e00   0x00000388   Code   RO          947    i.__ieee754_rem_pio2  m_ws.l(rred.o)
    0x08008188   0x08008188   0x000000fc   Code   RO          930    i.__kernel_cos      m_ws.l(cos_i.o)
    0x08008284   0x08008284   0x000000aa   Code   RO         1051    i.__kernel_poly     m_ws.l(poly.o)
    0x0800832e   0x0800832e   0x00000002   PAD
    0x08008330   0x08008330   0x000000ec   Code   RO          952    i.__kernel_sin      m_ws.l(sin_i.o)
    0x0800841c   0x0800841c   0x00000006   Code   RO          934    i.__mathlib_dbl_infnan  m_ws.l(dunder.o)
    0x08008422   0x08008422   0x0000000c   Code   RO          936    i.__mathlib_dbl_invalid  m_ws.l(dunder.o)
    0x0800842e   0x0800842e   0x0000000e   Code   RO          937    i.__mathlib_dbl_overflow  m_ws.l(dunder.o)
    0x0800843c   0x0800843c   0x00000010   Code   RO          939    i.__mathlib_dbl_underflow  m_ws.l(dunder.o)
    0x0800844c   0x0800844c   0x00000010   Code   RO         1045    i.__mathlib_narrow  m_ws.l(narrow.o)
    0x0800845c   0x0800845c   0x000000bc   Code   RO         1046    i.__mathlib_tofloat  m_ws.l(narrow.o)
    0x08008518   0x08008518   0x00000016   Code   RO         1145    i.__support_ldexp   m_ws.l(ldexp.o)
    0x0800852e   0x0800852e   0x0000000e   Code   RO          812    i._is_digit         c_w.l(__printf_wp.o)
    0x0800853c   0x0800853c   0x00000058   Code   RO         1128    i.frexp             m_ws.l(frexp.o)
    0x08008594   0x08008594   0x00000074   Code   RO         1146    i.ldexp             m_ws.l(ldexp.o)
    0x08008608   0x08008608   0x000000a0   Code   RO          890    i.sin               m_ws.l(sin.o)
    0x080086a8   0x080086a8   0x0000002c   Code   RO         1023    locale$$code        c_w.l(lc_numeric_c.o)
    0x080086d4   0x080086d4   0x0000002c   Code   RO         1136    locale$$code        c_w.l(lc_ctype_c.o)
    0x08008700   0x08008700   0x00000062   Code   RO          841    x$fpl$d2f           fz_ws.l(d2f.o)
    0x08008762   0x08008762   0x00000002   PAD
    0x08008764   0x08008764   0x00000150   Code   RO          843    x$fpl$dadd          fz_ws.l(daddsub_clz.o)
    0x080088b4   0x080088b4   0x00000010   Code   RO         1121    x$fpl$dcheck1       fz_ws.l(dcheck1.o)
    0x080088c4   0x080088c4   0x00000018   Code   RO          919    x$fpl$dcmpinf       fz_ws.l(dcmpi.o)
    0x080088dc   0x080088dc   0x000002b0   Code   RO          850    x$fpl$ddiv          fz_ws.l(ddiv.o)
    0x08008b8c   0x08008b8c   0x00000078   Code   RO         1123    x$fpl$deqf          fz_ws.l(deqf.o)
    0x08008c04   0x08008c04   0x0000005e   Code   RO         1025    x$fpl$dfix          fz_ws.l(dfix.o)
    0x08008c62   0x08008c62   0x00000002   PAD
    0x08008c64   0x08008c64   0x0000005a   Code   RO          853    x$fpl$dfixu         fz_ws.l(dfixu.o)
    0x08008cbe   0x08008cbe   0x0000002e   Code   RO          858    x$fpl$dflt          fz_ws.l(dflt_clz.o)
    0x08008cec   0x08008cec   0x00000026   Code   RO          857    x$fpl$dfltu         fz_ws.l(dflt_clz.o)
    0x08008d12   0x08008d12   0x00000002   PAD
    0x08008d14   0x08008d14   0x00000078   Code   RO          863    x$fpl$dleqf         fz_ws.l(dleqf.o)
    0x08008d8c   0x08008d8c   0x00000154   Code   RO          865    x$fpl$dmul          fz_ws.l(dmul.o)
    0x08008ee0   0x08008ee0   0x0000009c   Code   RO          921    x$fpl$dnaninf       fz_ws.l(dnaninf.o)
    0x08008f7c   0x08008f7c   0x0000000c   Code   RO          923    x$fpl$dretinf       fz_ws.l(dretinf.o)
    0x08008f88   0x08008f88   0x0000006c   Code   RO         1125    x$fpl$drleqf        fz_ws.l(drleqf.o)
    0x08008ff4   0x08008ff4   0x00000016   Code   RO          844    x$fpl$drsb          fz_ws.l(daddsub_clz.o)
    0x0800900a   0x0800900a   0x00000002   PAD
    0x0800900c   0x0800900c   0x000001d4   Code   RO          845    x$fpl$dsub          fz_ws.l(daddsub_clz.o)
    0x080091e0   0x080091e0   0x00000056   Code   RO          867    x$fpl$f2d           fz_ws.l(f2d.o)
    0x08009236   0x08009236   0x00000002   PAD
    0x08009238   0x08009238   0x00000184   Code   RO          870    x$fpl$fdiv          fz_ws.l(fdiv.o)
    0x080093bc   0x080093bc   0x0000003e   Code   RO          873    x$fpl$ffixu         fz_ws.l(ffixu.o)
    0x080093fa   0x080093fa   0x00000002   PAD
    0x080093fc   0x080093fc   0x00000026   Code   RO          877    x$fpl$ffltu         fz_ws.l(fflt_clz.o)
    0x08009422   0x08009422   0x00000002   PAD
    0x08009424   0x08009424   0x00000102   Code   RO          883    x$fpl$fmul          fz_ws.l(fmul.o)
    0x08009526   0x08009526   0x0000008c   Code   RO          925    x$fpl$fnaninf       fz_ws.l(fnaninf.o)
    0x080095b2   0x080095b2   0x0000000a   Code   RO          927    x$fpl$fretinf       fz_ws.l(fretinf.o)
    0x080095bc   0x080095bc   0x00000006   Code   RO         1033    x$fpl$ieeestatus    fz_ws.l(istatus.o)
    0x080095c2   0x080095c2   0x00000004   Code   RO          885    x$fpl$printf1       fz_ws.l(printf1.o)
    0x080095c6   0x080095c6   0x00000064   Code   RO         1142    x$fpl$retnan        fz_ws.l(retnan.o)
    0x0800962a   0x0800962a   0x0000005c   Code   RO         1035    x$fpl$scalbn        fz_ws.l(scalbn.o)
    0x08009686   0x08009686   0x00000004   Code   RO          887    x$fpl$scanf1        fz_ws.l(scanf1.o)
    0x0800968a   0x0800968a   0x00000008   Code   RO         1037    x$fpl$scanf2        fz_ws.l(scanf2.o)
    0x08009692   0x08009692   0x00000030   Code   RO         1167    x$fpl$trapveneer    fz_ws.l(trapv.o)
    0x080096c2   0x080096c2   0x00000000   Code   RO          929    x$fpl$usenofp       fz_ws.l(usenofp.o)
    0x080096c2   0x080096c2   0x0000a5f0   Data   RO          487    .constdata          lcd.o
    0x08013cb2   0x08013cb2   0x00000028   Data   RO          785    .constdata          c_w.l(_printf_hex_int.o)
    0x08013cda   0x08013cda   0x00000011   Data   RO          820    .constdata          c_w.l(__printf_flags_ss_wp.o)
    0x08013ceb   0x08013ceb   0x00000005   PAD
    0x08013cf0   0x08013cf0   0x00000030   Data   RO          931    .constdata          m_ws.l(cos_i.o)
    0x08013d20   0x08013d20   0x000000c8   Data   RO          949    .constdata          m_ws.l(rred.o)
    0x08013de8   0x08013de8   0x00000028   Data   RO          953    .constdata          m_ws.l(sin_i.o)
    0x08013e10   0x08013e10   0x00000094   Data   RO          994    .constdata          c_w.l(bigflt0.o)
    0x08013ea4   0x08013ea4   0x0000004d   Data   RO            3    .conststring        main.o
    0x08013ef1   0x08013ef1   0x00000003   PAD
    0x08013ef4   0x08013ef4   0x00000028   Data   RO          693    .conststring        usmart.o
    0x08013f1c   0x08013f1c   0x00000087   Data   RO          723    .conststring        usmart_config.o
    0x08013fa3   0x08013fa3   0x00000001   PAD
    0x08013fa4   0x08013fa4   0x00000020   Data   RO         1228    Region$$Table       anon$$obj.o
    0x08013fc4   0x08013fc4   0x00000008   Data   RO         1029    c$$dinf             fz_ws.l(fpconst.o)
    0x08013fcc   0x08013fcc   0x00000008   Data   RO         1032    c$$dmax             fz_ws.l(fpconst.o)
    0x08013fd4   0x08013fd4   0x0000001c   Data   RO         1022    locale$$data        c_w.l(lc_numeric_c.o)
    0x08013ff0   0x08013ff0   0x00000110   Data   RO         1135    locale$$data        c_w.l(lc_ctype_c.o)


    Execution Region RW_IRAM1 (Exec base: 0x20000000, Load base: 0x08014100, Size: 0x00001708, Max: 0x0000c000, ABSOLUTE, COMPRESSED[0x00000750])

    Exec Addr    Load Addr    Size         Type   Attr      Idx    E Section Name        Object

    0x20000000   COMPRESSED   0x00000065   Data   RW            4    .data               main.o
    0x20000065   COMPRESSED   0x00000003   PAD
    0x20000068   COMPRESSED   0x00000014   Data   RW          248    .data               system_stm32f10x.o
    0x2000007c   COMPRESSED   0x00000600   Data   RW          362    .data               dma_waveoutput.o
    0x2000067c   COMPRESSED   0x00000004   Data   RW          380    .data               key4_4.o
    0x20000680   COMPRESSED   0x00000644   Data   RW          488    .data               lcd.o
    0x20000cc4   COMPRESSED   0x00000004   Data   RW          512    .data               delay.o
    0x20000cc8   COMPRESSED   0x00000006   Data   RW          544    .data               usart.o
    0x20000cce   COMPRESSED   0x00000014   Data   RW          655    .data               stm32f10x_rcc.o
    0x20000ce2   COMPRESSED   0x00000002   PAD
    0x20000ce4   COMPRESSED   0x0000001c   Data   RW          694    .data               usmart.o
    0x20000d00   COMPRESSED   0x0000011c   Data   RW          724    .data               usmart_config.o
    0x20000e1c        -       0x00000014   Zero   RW            2    .bss                main.o
    0x20000e30        -       0x000001b0   Zero   RW          344    .bss                dac.o
    0x20000fe0        -       0x000000c8   Zero   RW          543    .bss                usart.o
    0x200010a8        -       0x00000060   Zero   RW         1054    .bss                c_w.l(libspace.o)
    0x20001108        -       0x00000200   Zero   RW          576    HEAP                startup_stm32f10x_hd.o
    0x20001308        -       0x00000400   Zero   RW          575    STACK               startup_stm32f10x_hd.o


==============================================================================

Image component sizes


      Code (inc. data)   RO Data    RW Data    ZI Data      Debug   Object Name

      1032         92          0          0        432       2877   dac.o
       212         18          0          4          0       1019   delay.o
      1256         76          0       1536          0       4596   dma_waveoutput.o
      1428         60          0          4          0     213294   key4_4.o
      2208         44      42480       1604          0       9091   lcd.o
         0          0          0          0          0     204748   led.o
      3284        522         77        101         20       9022   main.o
       220         22          0          0          0       1777   misc.o
        64         26        304          0       1536        788   startup_stm32f10x_hd.o
       396          6          0          0          0       3642   stm32f10x_dac.o
       596          8          0          0          0       4342   stm32f10x_dma.o
       860         38          0          0          0       5709   stm32f10x_gpio.o
        26          0          0          0          0      59138   stm32f10x_it.o
       932         36          0         20          0       8876   stm32f10x_rcc.o
      3610         88          0          0          0      22816   stm32f10x_tim.o
      1032         22          0          0          0       8436   stm32f10x_usart.o
         0          0          0          0          0         32   sys.o
       480         38          0         20          0       1707   system_stm32f10x.o
       320         16          0          6        200       3134   usart.o
      3128       1288         40         28          0       4338   usmart.o
         0          0        135        284          0       1664   usmart_config.o
      1320         12          0          0          0       5205   usmart_str.o

    ----------------------------------------------------------------------
     22408       2412      43072       3612       2188     576251   Object Totals
         0          0         32          0          0          0   (incl. Generated)
         4          0          4          5          0          0   (incl. Padding)

    ----------------------------------------------------------------------

      Code (inc. data)   RO Data    RW Data    ZI Data      Debug   Library Member Name

        60          8          0          0          0         84   __0sscanf.o
       100          0          0          0          0          0   __dclz77c.o
         8          0          0          0          0         68   __main.o
       392          4         17          0          0         92   __printf_flags_ss_wp.o
        14          0          0          0          0         68   __printf_wp.o
         0          0          0          0          0          0   __rtentry.o
        12          0          0          0          0          0   __rtentry2.o
         6          0          0          0          0          0   __rtentry4.o
        52          8          0          0          0          0   __scatter.o
        28          0          0          0          0          0   __scatter_zi.o
        28          0          0          0          0         68   _chval.o
         6          0          0          0          0          0   _printf_c.o
        44          0          0          0          0        108   _printf_char.o
        48          6          0          0          0         96   _printf_char_common.o
        36          4          0          0          0         80   _printf_char_file.o
         6          0          0          0          0          0   _printf_d.o
       120         16          0          0          0         92   _printf_dec.o
         6          0          0          0          0          0   _printf_f.o
      1054          0          0          0          0        216   _printf_fp_dec.o
       128         16          0          0          0         84   _printf_fp_infnan.o
        88          4         40          0          0         88   _printf_hex_int.o
       178          0          0          0          0         88   _printf_intcommon.o
        78          0          0          0          0        108   _printf_pad.o
         0          0          0          0          0          0   _printf_percent.o
         4          0          0          0          0          0   _printf_percent_end.o
         6          0          0          0          0          0   _printf_s.o
        82          0          0          0          0         80   _printf_str.o
         6          0          0          0          0          0   _printf_u.o
         6          0          0          0          0          0   _printf_x.o
        22          0          0          0          0        100   _rserrno.o
       884          6          0          0          0        100   _scanf.o
       332          0          0          0          0         96   _scanf_int.o
       224          0          0          0          0         96   _scanf_str.o
        64          0          0          0          0         84   _sgetc.o
       228          4        148          0          0         96   bigflt0.o
      2152        136          0          0          0        960   btod.o
        18          0          0          0          0         80   exit.o
         8          0          0          0          0         68   ferror.o
         6          0          0          0          0        152   heapauxi.o
        18          0          0          0          0         76   isspace.o
        44         10        272          0          0         76   lc_ctype_c.o
        44         10         28          0          0         76   lc_numeric_c.o
         2          0          0          0          0          0   libinit.o
        30          0          0          0          0          0   libinit2.o
         2          0          0          0          0          0   libshutdown.o
         2          0          0          0          0          0   libshutdown2.o
         8          4          0          0         96         68   libspace.o
        38          0          0          0          0         68   llshl.o
       138          0          0          0          0         80   lludiv10.o
        24          4          0          0          0         84   noretval__2printf.o
        16          4          0          0          0         76   rt_ctype_table.o
         8          4          0          0          0         68   rt_errno_addr_intlibspace.o
         8          4          0          0          0         68   rt_locale_intlibspace.o
         2          0          0          0          0          0   rtexit.o
        10          0          0          0          0          0   rtexit2.o
        44          8          0          0          0         84   scanf_char.o
      1272         16          0          0          0        168   scanf_fp.o
       800         14          0          0          0        100   scanf_hexfp.o
       308         16          0          0          0        100   scanf_infnan.o
       128          0          0          0          0         68   strcmpv7m.o
        36          0          0          0          0         80   strstr.o
        74          0          0          0          0         80   sys_stackheap_outer.o
         2          0          0          0          0         68   use_no_semi.o
         2          0          0          0          0         68   use_no_semi_2.o
        98          4          0          0          0         92   d2f.o
       826         16          0          0          0        348   daddsub_clz.o
        16          4          0          0          0         68   dcheck1.o
        24          0          0          0          0         68   dcmpi.o
       688        140          0          0          0        208   ddiv.o
       120          4          0          0          0         92   deqf.o
        94          4          0          0          0         92   dfix.o
        90          4          0          0          0         92   dfixu.o
        84          0          0          0          0        136   dflt_clz.o
       120          4          0          0          0         92   dleqf.o
       340         12          0          0          0        104   dmul.o
       156          4          0          0          0         92   dnaninf.o
        12          0          0          0          0         68   dretinf.o
       108          0          0          0          0         80   drleqf.o
        86          4          0          0          0         84   f2d.o
       388         76          0          0          0         96   fdiv.o
        62          4          0          0          0         84   ffixu.o
        38          0          0          0          0         68   fflt_clz.o
       258          4          0          0          0         84   fmul.o
       140          4          0          0          0         84   fnaninf.o
         0          0         16          0          0          0   fpconst.o
        10          0          0          0          0         68   fretinf.o
         6          0          0          0          0         68   istatus.o
         4          0          0          0          0         68   printf1.o
       100          0          0          0          0         68   retnan.o
        92          0          0          0          0         68   scalbn.o
         4          0          0          0          0         68   scanf1.o
         8          0          0          0          0         84   scanf2.o
        48          0          0          0          0         68   trapv.o
         0          0          0          0          0          0   usenofp.o
       252         22         48          0          0        124   cos_i.o
        48          6          0          0          0        272   dunder.o
        40          0          0          0          0         68   fpclassify.o
        88          8          0          0          0         76   frexp.o
       138          0          0          0          0        160   ldexp.o
       204          4          0          0          0        168   narrow.o
       170          0          0          0          0         96   poly.o
       904         76        200          0          0        140   rred.o
       160         10          0          0          0        108   sin.o
       236         12         40          0          0        128   sin_i.o

    ----------------------------------------------------------------------
     15882        734        814          0         96       8840   Library Totals
        28          2          5          0          0          0   (incl. Padding)

    ----------------------------------------------------------------------

      Code (inc. data)   RO Data    RW Data    ZI Data      Debug   Library Name

      9594        306        505          0         96       4808   c_w.l
      4020        288         16          0          0       2692   fz_ws.l
      2240        138        288          0          0       1340   m_ws.l

    ----------------------------------------------------------------------
     15882        734        814          0         96       8840   Library Totals

    ----------------------------------------------------------------------

==============================================================================


      Code (inc. data)   RO Data    RW Data    ZI Data      Debug   

     38290       3146      43886       3612       2284     578431   Grand Totals
     38290       3146      43886       1872       2284     578431   ELF Image Totals (compressed)
     38290       3146      43886       1872          0          0   ROM Totals

==============================================================================

    Total RO  Size (Code + RO Data)                82176 (  80.25kB)
    Total RW  Size (RW Data + ZI Data)              5896 (   5.76kB)
    Total ROM Size (Code + RO Data + RW Data)      84048 (  82.08kB)

==============================================================================

